Archive member included because of file (symbol)

contiki-z1.a(contiki-z1-plat)
                              obj_z1/contiki-z1-main.o (init_platform)
contiki-z1.a(msp430.o)        obj_z1/contiki-z1-main.o (splhigh_)
contiki-z1.a(leds.o)          obj_z1/contiki-z1-main.o (leds_init)
contiki-z1.a(watchdog.o)      obj_z1/contiki-z1-main.o (watchdog_start)
contiki-z1.a(xmem.o)          obj_z1/contiki-z1-main.o (xmem_init)
contiki-z1.a(spi.o)           contiki-z1.a(xmem.o) (spi_init)
contiki-z1.a(cc2420.o)        obj_z1/contiki-z1-main.o (cc2420_set_pan_addr)
contiki-z1.a(cc2420-arch.o)   contiki-z1.a(cc2420.o) (cc2420_arch_init)
contiki-z1.a(node-id.o)       obj_z1/contiki-z1-main.o (node_id_restore)
contiki-z1.a(sensors.o)       contiki-z1.a(contiki-z1-plat) (sensors_process)
contiki-z1.a(button-sensor.o)
                              hello-world.co (button_sensor)
contiki-z1.a(uart0.o)         obj_z1/contiki-z1-main.o (uart0_active)
contiki-z1.a(uart0-putchar.o)
                              obj_z1/contiki-z1-main.o (putchar)
contiki-z1.a(z1-phidgets.o)   hello-world.co (phidgets)
contiki-z1.a(adxl345.o)       obj_z1/contiki-z1-main.o (accm_init)
contiki-z1.a(clock.o)         obj_z1/contiki-z1-main.o (clock_init)
contiki-z1.a(leds-arch.o)     contiki-z1.a(leds.o) (leds_arch_init)
contiki-z1.a(rtimer-arch.o)   obj_z1/contiki-z1-main.o (rtimer_arch_now)
contiki-z1.a(autostart.o)     obj_z1/contiki-z1-main.o (autostart_start)
contiki-z1.a(ctimer.o)        obj_z1/contiki-z1-main.o (ctimer_init)
contiki-z1.a(energest.o)      obj_z1/contiki-z1-main.o (energest_init)
contiki-z1.a(etimer.o)        contiki-z1.a(clock.o) (etimer_request_poll)
contiki-z1.a(process.o)       contiki-z1.a(ctimer.o) (process_current)
contiki-z1.a(rtimer.o)        obj_z1/contiki-z1-main.o (rtimer_init)
contiki-z1.a(timer.o)         contiki-z1.a(button-sensor.o) (timer_set)
contiki-z1.a(list.o)          contiki-z1.a(ctimer.o) (list_init)
contiki-z1.a(sicslowpan.o)    obj_z1/contiki-z1-main.o (sicslowpan_driver)
contiki-z1.a(uip6.o)          contiki-z1.a(sicslowpan.o) (uip_aligned_buf)
contiki-z1.a(uip-ds6.o)       contiki-z1.a(uip6.o) (uip_ds6_is_addr_onlink)
contiki-z1.a(uip-ds6-nbr.o)   contiki-z1.a(uip-ds6.o) (uip_ds6_neighbors_init)
contiki-z1.a(uip-ds6-route.o)
                              contiki-z1.a(uip-ds6.o) (uip_ds6_route_init)
contiki-z1.a(uip-icmp6.o)     contiki-z1.a(uip6.o) (uip_icmp6_input)
contiki-z1.a(uip-nd6.o)       contiki-z1.a(uip-ds6-nbr.o) (uip_nd6_ns_output)
contiki-z1.a(tcpip.o)         contiki-z1.a(sicslowpan.o) (tcpip_set_outputfunc)
contiki-z1.a(uip-debug.o)     contiki-z1.a(uip-ds6-route.o) (uip_debug_ipaddr_print)
contiki-z1.a(rpl.o)           contiki-z1.a(uip-ds6-nbr.o) (rpl_link_neighbor_callback)
contiki-z1.a(rpl-dag.o)       contiki-z1.a(rpl.o) (rpl_dag_init)
contiki-z1.a(rpl-ext-header.)
                              contiki-z1.a(uip6.o) (rpl_verify_header)
contiki-z1.a(rpl-icmp6.o)     contiki-z1.a(rpl.o) (dao_output_target)
contiki-z1.a(rpl-mrhof.o)     contiki-z1.a(rpl.o) (rpl_mrhof)
contiki-z1.a(rpl-timers.o)    contiki-z1.a(rpl.o) (rpl_reset_periodic_timer)
contiki-z1.a(linkaddr.o)      obj_z1/contiki-z1-main.o (linkaddr_copy)
contiki-z1.a(nbr-table.o)     contiki-z1.a(uip-ds6-nbr.o) (nbr_table_register)
contiki-z1.a(packetbuf.o)     contiki-z1.a(cc2420.o) (packetbuf_set_datalen)
contiki-z1.a(queuebuf.o)      obj_z1/contiki-z1-main.o (queuebuf_init)
contiki-z1.a(csma.o)          obj_z1/contiki-z1-main.o (csma_driver)
contiki-z1.a(framer-802154.o)
                              contiki-z1.a(sicslowpan.o) (framer_802154)
contiki-z1.a(framer.o)        contiki-z1.a(framer-802154.o) (framer_canonical_create_and_secure)
contiki-z1.a(mac.o)           contiki-z1.a(csma.o) (mac_call_sent_callback)
contiki-z1.a(contikimac.o)    obj_z1/contiki-z1-main.o (contikimac_driver)
contiki-z1.a(nullsec.o)       contiki-z1.a(sicslowpan.o) (nullsec_driver)
contiki-z1.a(i2cmaster.o)     contiki-z1.a(adxl345.o) (i2c_receiveinit)
contiki-z1.a(stimer.o)        contiki-z1.a(uip-ds6.o) (stimer_set)
contiki-z1.a(memb.o)          contiki-z1.a(uip-ds6-route.o) (memb_init)
contiki-z1.a(random.o)        contiki-z1.a(uip-ds6.o) (random_rand)
contiki-z1.a(frame802154.o)   contiki-z1.a(framer-802154.o) (frame802154_hdrlen)
contiki-z1.a(mac-sequence.o)  contiki-z1.a(contikimac.o) (mac_sequence_is_duplicate)
/usr/lib/gcc/msp430/4.5.3/mcpu-430x/mmpy-16/libgcc.a(_mulsi3.o)
                              contiki-z1.a(rpl.o) (__mulsi3)
/usr/lib/gcc/msp430/4.5.3/mcpu-430x/mmpy-16/libgcc.a(_udivmodhi4.o)
                              contiki-z1.a(rpl-dag.o) (__udivmodhi4)
/usr/lib/gcc/msp430/4.5.3/mcpu-430x/mmpy-16/libgcc.a(_divmodhi4.o)
                              contiki-z1.a(sicslowpan.o) (__divmodhi4)
/usr/lib/gcc/msp430/4.5.3/mcpu-430x/mmpy-16/libgcc.a(_udivmodsi4.o)
                              obj_z1/contiki-z1-main.o (__udivmodsi4)
/usr/lib/gcc/msp430/4.5.3/../../../../msp430/lib/mcpu-430x/mmpy-16/libc.a(strncmp.o)
                              contiki-z1.a(sensors.o) (strncmp)
/usr/lib/gcc/msp430/4.5.3/../../../../msp430/lib/mcpu-430x/mmpy-16/libc.a(memcmp.o)
                              contiki-z1.a(sicslowpan.o) (memcmp)
/usr/lib/gcc/msp430/4.5.3/../../../../msp430/lib/mcpu-430x/mmpy-16/libc.a(memcpy.o)
                              obj_z1/contiki-z1-main.o (memcpy)
/usr/lib/gcc/msp430/4.5.3/../../../../msp430/lib/mcpu-430x/mmpy-16/libc.a(memmove.o)
                              contiki-z1.a(sicslowpan.o) (memmove)
/usr/lib/gcc/msp430/4.5.3/../../../../msp430/lib/mcpu-430x/mmpy-16/libc.a(memset.o)
                              obj_z1/contiki-z1-main.o (memset)
/usr/lib/gcc/msp430/4.5.3/../../../../msp430/lib/mcpu-430x/mmpy-16/libc.a(printf.o)
                              hello-world.co (printf)
/usr/lib/gcc/msp430/4.5.3/../../../../msp430/lib/mcpu-430x/mmpy-16/libc.a(vuprintf.o)
                              /usr/lib/gcc/msp430/4.5.3/../../../../msp430/lib/mcpu-430x/mmpy-16/libc.a(printf.o) (vuprintf)
/usr/lib/gcc/msp430/4.5.3/../../../../msp430/lib/mcpu-430x/mmpy-16/libc.a(puts.o)
                              hello-world.co (puts)
/usr/lib/gcc/msp430/4.5.3/../../../../msp430/lib/mcpu-430x/mmpy-16/libc.a(rand.o)
                              contiki-z1.a(random.o) (rand)
/usr/lib/gcc/msp430/4.5.3/mcpu-430x/mmpy-16/libcrt0.a(_reset_vector__.o)
                              /usr/lib/gcc/msp430/4.5.3/mcpu-430x/mmpy-16/crt0ivtbl32.o (_reset_vector__)
/usr/lib/gcc/msp430/4.5.3/mcpu-430x/mmpy-16/libcrt0.a(__init_stack.o)
                              /usr/lib/gcc/msp430/4.5.3/mcpu-430x/mmpy-16/libcrt0.a(_reset_vector__.o) (__init_stack)
/usr/lib/gcc/msp430/4.5.3/mcpu-430x/mmpy-16/libcrt0.a(__low_level_init.o)
                              /usr/lib/gcc/msp430/4.5.3/mcpu-430x/mmpy-16/libcrt0.a(_reset_vector__.o) (__low_level_init)
/usr/lib/gcc/msp430/4.5.3/mcpu-430x/mmpy-16/libcrt0.a(_copy_data.o)
                              /usr/lib/gcc/msp430/4.5.3/mcpu-430x/mmpy-16/libcrt0.a(_reset_vector__.o) (__do_copy_data)
/usr/lib/gcc/msp430/4.5.3/mcpu-430x/mmpy-16/libcrt0.a(_clear_bss.o)
                              /usr/lib/gcc/msp430/4.5.3/mcpu-430x/mmpy-16/libcrt0.a(_reset_vector__.o) (__do_clear_bss)
/usr/lib/gcc/msp430/4.5.3/mcpu-430x/mmpy-16/libcrt0.a(__stop_progExec__.o)
                              /usr/lib/gcc/msp430/4.5.3/mcpu-430x/mmpy-16/libcrt0.a(_reset_vector__.o) (__stop_progExec__)
/usr/lib/gcc/msp430/4.5.3/mcpu-430x/mmpy-16/libcrt0.a(_endless_loop__.o)
                              /usr/lib/gcc/msp430/4.5.3/mcpu-430x/mmpy-16/libcrt0.a(_reset_vector__.o) (_endless_loop__)
/usr/lib/gcc/msp430/4.5.3/mcpu-430x/mmpy-16/libcrt0.a(_unexpected_.o)
                              /usr/lib/gcc/msp430/4.5.3/mcpu-430x/mmpy-16/crt0ivtbl32.o (_unexpected_)

Allocating common symbols
Common symbol       size              file

energest_total_time
                    0x30              contiki-z1.a(energest.o)
uip_ds6_timer_ra    0x8               contiki-z1.a(uip-ds6.o)
cc2420_last_rssi    0x1               contiki-z1.a(cc2420.o)
accm_int2_cb        0x2               contiki-z1.a(adxl345.o)
uip_ds6_if          0xec              contiki-z1.a(uip-ds6.o)
uip_ds6_netif_addr_list_offset
                    0x1               contiki-z1.a(uip-ds6.o)
uip_len             0x2               contiki-z1.a(uip6.o)
energest_total_count
                    0x2               contiki-z1.a(energest.o)
cc2420_sfd_start_time
                    0x2               contiki-z1.a(cc2420.o)
cc2420_time_of_departure
                    0x2               contiki-z1.a(cc2420.o)
cc2420_time_of_arrival
                    0x2               contiki-z1.a(cc2420.o)
uip_ds6_addr_size   0x1               contiki-z1.a(uip-ds6.o)
uip_sappdata        0x2               contiki-z1.a(uip6.o)
energest_current_mode
                    0xc               contiki-z1.a(energest.o)
packetbuf_addrs     0x10              contiki-z1.a(packetbuf.o)
uip_acc32           0x4               contiki-z1.a(uip6.o)
uip_ds6_prefix_list
                    0x5a              contiki-z1.a(uip-ds6.o)
process_maxevents   0x1               contiki-z1.a(process.o)
frag_sender         0x8               contiki-z1.a(sicslowpan.o)
transmit_data1      0x1               contiki-z1.a(i2cmaster.o)
uip_lladdr          0x8               contiki-z1.a(uip6.o)
rx_byte_ctr         0x1               contiki-z1.a(i2cmaster.o)
uip_aligned_buf     0x8c              contiki-z1.a(uip6.o)
uip_flags           0x1               contiki-z1.a(uip6.o)
int2_event          0x1               contiki-z1.a(adxl345.o)
uip_ds6_timer_periodic
                    0xc               contiki-z1.a(uip-ds6.o)
tx_buf_ptr          0x2               contiki-z1.a(i2cmaster.o)
tx_byte_ctr         0x1               contiki-z1.a(i2cmaster.o)
uip_next_hdr        0x2               contiki-z1.a(uip6.o)
cc2420_last_correlation
                    0x1               contiki-z1.a(cc2420.o)
linkaddr_node_addr  0x8               contiki-z1.a(linkaddr.o)
default_instance    0x2               contiki-z1.a(rpl-dag.o)
accm_int1_cb        0x2               contiki-z1.a(adxl345.o)
cc2420_authority_level_of_sender
                    0x2               contiki-z1.a(cc2420.o)
uip_udp_conn        0x2               contiki-z1.a(uip6.o)
i                   0x2               contiki-z1.a(i2cmaster.o)
packetbuf_attrs     0x24              contiki-z1.a(packetbuf.o)
receive_data        0x1               contiki-z1.a(i2cmaster.o)
cc2420_sfd_counter  0x1               contiki-z1.a(cc2420.o)
instance_table      0xc8              contiki-z1.a(rpl-dag.o)
uip_appdata         0x2               contiki-z1.a(uip6.o)
uip_conn            0x2               contiki-z1.a(uip6.o)
tcpip_event         0x1               contiki-z1.a(tcpip.o)
uip_conns           0xb0              contiki-z1.a(uip6.o)
rx_buf              0x2               contiki-z1.a(i2cmaster.o)
node_mac            0x8               contiki-z1.a(node-id.o)
uip_listenports     0x10              contiki-z1.a(uip6.o)
transmit_data2      0x1               contiki-z1.a(i2cmaster.o)
energest_current_time
                    0x18              contiki-z1.a(energest.o)
rx_buf_ptr          0x2               contiki-z1.a(i2cmaster.o)
sensors_flags       0x2               obj_z1/contiki-z1-main.o
int1_event          0x1               contiki-z1.a(adxl345.o)
cc2420_sfd_end_time
                    0x2               contiki-z1.a(cc2420.o)
sensors_event       0x1               contiki-z1.a(sensors.o)
uip_slen            0x2               contiki-z1.a(uip6.o)
uip_udp_conns       0x138             contiki-z1.a(uip6.o)

Memory Configuration

Name             Origin             Length             Attributes
sfr              0x00000000         0x00000010
peripheral_8bit  0x00000010         0x000000f0
peripheral_16bit 0x00000100         0x00000100
infomem          0x00001000         0x00000100
infod            0x00001000         0x00000040
infoc            0x00001040         0x00000040
infob            0x00001080         0x00000040
infoa            0x000010c0         0x00000040
ram              0x00001100         0x00002000         xw
rom              0x00003100         0x0000cebe         xr
vectors          0x0000ffc0         0x00000040
far_rom          0x00010000         0x0000a000
bsl              0x00000000         0x00000000
*default*        0x00000000         0xffffffff

Linker script and memory map

LOAD /usr/lib/gcc/msp430/4.5.3/mcpu-430x/mmpy-16/crt0ivtbl32.o
                0x00000041                __P1SEL2 = 0x41
                0x00000045                __P5SEL2 = 0x45
LOAD hello-world.co
LOAD obj_z1/contiki-z1-main.o
LOAD contiki-z1.a
LOAD /usr/lib/gcc/msp430/4.5.3/mcpu-430x/mmpy-16/libgcc.a
LOAD /usr/lib/gcc/msp430/4.5.3/../../../../msp430/lib/mcpu-430x/mmpy-16/libc.a
LOAD /usr/lib/gcc/msp430/4.5.3/mcpu-430x/mmpy-16/libgcc.a
LOAD /usr/lib/gcc/msp430/4.5.3/mcpu-430x/mmpy-16/libcrt0.a
                0x00000000                __IE1 = 0x0
                0x00000002                __IFG1 = 0x2
                0x00000001                __IE2 = 0x1
                0x00000003                __IFG2 = 0x3
                0x00000006                __UC1IE = 0x6
                0x00000007                __UC1IFG = 0x7
                0x000001a0                __ADC12CTL0 = 0x1a0
                0x000001a2                __ADC12CTL1 = 0x1a2
                0x000001a4                __ADC12IFG = 0x1a4
                0x000001a6                __ADC12IE = 0x1a6
                0x000001a8                __ADC12IV = 0x1a8
                0x00000140                __ADC12MEM0 = 0x140
                0x00000142                __ADC12MEM1 = 0x142
                0x00000144                __ADC12MEM2 = 0x144
                0x00000146                __ADC12MEM3 = 0x146
                0x00000148                __ADC12MEM4 = 0x148
                0x0000014a                __ADC12MEM5 = 0x14a
                0x0000014c                __ADC12MEM6 = 0x14c
                0x0000014e                __ADC12MEM7 = 0x14e
                0x00000150                __ADC12MEM8 = 0x150
                0x00000152                __ADC12MEM9 = 0x152
                0x00000154                __ADC12MEM10 = 0x154
                0x00000156                __ADC12MEM11 = 0x156
                0x00000158                __ADC12MEM12 = 0x158
                0x0000015a                __ADC12MEM13 = 0x15a
                0x0000015c                __ADC12MEM14 = 0x15c
                0x0000015e                __ADC12MEM15 = 0x15e
                0x00000080                __ADC12MCTL0 = 0x80
                0x00000081                __ADC12MCTL1 = 0x81
                0x00000082                __ADC12MCTL2 = 0x82
                0x00000083                __ADC12MCTL3 = 0x83
                0x00000084                __ADC12MCTL4 = 0x84
                0x00000085                __ADC12MCTL5 = 0x85
                0x00000086                __ADC12MCTL6 = 0x86
                0x00000087                __ADC12MCTL7 = 0x87
                0x00000088                __ADC12MCTL8 = 0x88
                0x00000089                __ADC12MCTL9 = 0x89
                0x0000008a                __ADC12MCTL10 = 0x8a
                0x0000008b                __ADC12MCTL11 = 0x8b
                0x0000008c                __ADC12MCTL12 = 0x8c
                0x0000008d                __ADC12MCTL13 = 0x8d
                0x0000008e                __ADC12MCTL14 = 0x8e
                0x0000008f                __ADC12MCTL15 = 0x8f
                0x00000056                __DCOCTL = 0x56
                0x00000057                __BCSCTL1 = 0x57
                0x00000058                __BCSCTL2 = 0x58
                0x00000053                __BCSCTL3 = 0x53
                0x00000059                __CACTL1 = 0x59
                0x0000005a                __CACTL2 = 0x5a
                0x0000005b                __CAPD = 0x5b
                0x000001c0                __DAC12_0CTL = 0x1c0
                0x000001c2                __DAC12_1CTL = 0x1c2
                0x000001c8                __DAC12_0DAT = 0x1c8
                0x000001ca                __DAC12_1DAT = 0x1ca
                0x00000122                __DMACTL0 = 0x122
                0x00000124                __DMACTL1 = 0x124
                0x00000126                __DMAIV = 0x126
                0x000001d0                __DMA0CTL = 0x1d0
                0x000001dc                __DMA1CTL = 0x1dc
                0x000001e8                __DMA2CTL = 0x1e8
                0x000001d2                __DMA0SA = 0x1d2
                0x000001d2                __DMA0SAL = 0x1d2
                0x000001d6                __DMA0DA = 0x1d6
                0x000001d6                __DMA0DAL = 0x1d6
                0x000001da                __DMA0SZ = 0x1da
                0x000001de                __DMA1SA = 0x1de
                0x000001de                __DMA1SAL = 0x1de
                0x000001e2                __DMA1DA = 0x1e2
                0x000001e2                __DMA1DAL = 0x1e2
                0x000001e6                __DMA1SZ = 0x1e6
                0x000001ea                __DMA2SA = 0x1ea
                0x000001ea                __DMA2SAL = 0x1ea
                0x000001ee                __DMA2DA = 0x1ee
                0x000001ee                __DMA2DAL = 0x1ee
                0x000001f2                __DMA2SZ = 0x1f2
                0x00000128                __FCTL1 = 0x128
                0x0000012a                __FCTL2 = 0x12a
                0x0000012c                __FCTL3 = 0x12c
                0x000001be                __FCTL4 = 0x1be
                0x00000130                __MPY = 0x130
                0x00000132                __MPYS = 0x132
                0x00000134                __MAC = 0x134
                0x00000136                __MACS = 0x136
                0x00000138                __OP2 = 0x138
                0x0000013a                __RESLO = 0x13a
                0x0000013c                __RESHI = 0x13c
                0x0000013e                __SUMEXT = 0x13e
                0x00000020                __P1IN = 0x20
                0x00000021                __P1OUT = 0x21
                0x00000022                __P1DIR = 0x22
                0x00000023                __P1IFG = 0x23
                0x00000024                __P1IES = 0x24
                0x00000025                __P1IE = 0x25
                0x00000026                __P1SEL = 0x26
                0x00000027                __P1REN = 0x27
                0x00000028                __P2IN = 0x28
                0x00000029                __P2OUT = 0x29
                0x0000002a                __P2DIR = 0x2a
                0x0000002b                __P2IFG = 0x2b
                0x0000002c                __P2IES = 0x2c
                0x0000002d                __P2IE = 0x2d
                0x0000002e                __P2SEL = 0x2e
                0x0000002f                __P2REN = 0x2f
                0x00000018                __P3IN = 0x18
                0x00000019                __P3OUT = 0x19
                0x0000001a                __P3DIR = 0x1a
                0x0000001b                __P3SEL = 0x1b
                0x00000010                __P3REN = 0x10
                0x0000001c                __P4IN = 0x1c
                0x0000001d                __P4OUT = 0x1d
                0x0000001e                __P4DIR = 0x1e
                0x0000001f                __P4SEL = 0x1f
                0x00000011                __P4REN = 0x11
                0x00000030                __P5IN = 0x30
                0x00000031                __P5OUT = 0x31
                0x00000032                __P5DIR = 0x32
                0x00000033                __P5SEL = 0x33
                0x00000012                __P5REN = 0x12
                0x00000034                __P6IN = 0x34
                0x00000035                __P6OUT = 0x35
                0x00000036                __P6DIR = 0x36
                0x00000037                __P6SEL = 0x37
                0x00000013                __P6REN = 0x13
                0x00000038                __P7IN = 0x38
                0x0000003a                __P7OUT = 0x3a
                0x0000003c                __P7DIR = 0x3c
                0x0000003e                __P7SEL = 0x3e
                0x00000014                __P7REN = 0x14
                0x00000039                __P8IN = 0x39
                0x0000003b                __P8OUT = 0x3b
                0x0000003d                __P8DIR = 0x3d
                0x0000003f                __P8SEL = 0x3f
                0x00000015                __P8REN = 0x15
                0x00000038                __PAIN = 0x38
                0x0000003a                __PAOUT = 0x3a
                0x0000003c                __PADIR = 0x3c
                0x0000003e                __PASEL = 0x3e
                0x00000014                __PAREN = 0x14
                0x00000055                __SVSCTL = 0x55
                0x0000012e                __TAIV = 0x12e
                0x00000160                __TACTL = 0x160
                0x00000162                __TACCTL0 = 0x162
                0x00000164                __TACCTL1 = 0x164
                0x00000166                __TACCTL2 = 0x166
                0x00000170                __TAR = 0x170
                0x00000172                __TACCR0 = 0x172
                0x00000174                __TACCR1 = 0x174
                0x00000176                __TACCR2 = 0x176
                0x0000011e                __TBIV = 0x11e
                0x00000180                __TBCTL = 0x180
                0x00000182                __TBCCTL0 = 0x182
                0x00000184                __TBCCTL1 = 0x184
                0x00000186                __TBCCTL2 = 0x186
                0x00000188                __TBCCTL3 = 0x188
                0x0000018a                __TBCCTL4 = 0x18a
                0x0000018c                __TBCCTL5 = 0x18c
                0x0000018e                __TBCCTL6 = 0x18e
                0x00000190                __TBR = 0x190
                0x00000192                __TBCCR0 = 0x192
                0x00000194                __TBCCR1 = 0x194
                0x00000196                __TBCCR2 = 0x196
                0x00000198                __TBCCR3 = 0x198
                0x0000019a                __TBCCR4 = 0x19a
                0x0000019c                __TBCCR5 = 0x19c
                0x0000019e                __TBCCR6 = 0x19e
                0x00000060                __UCA0CTL0 = 0x60
                0x00000061                __UCA0CTL1 = 0x61
                0x00000062                __UCA0BR0 = 0x62
                0x00000063                __UCA0BR1 = 0x63
                0x00000064                __UCA0MCTL = 0x64
                0x00000065                __UCA0STAT = 0x65
                0x00000066                __UCA0RXBUF = 0x66
                0x00000067                __UCA0TXBUF = 0x67
                0x0000005d                __UCA0ABCTL = 0x5d
                0x0000005e                __UCA0IRTCTL = 0x5e
                0x0000005f                __UCA0IRRCTL = 0x5f
                0x00000068                __UCB0CTL0 = 0x68
                0x00000069                __UCB0CTL1 = 0x69
                0x0000006a                __UCB0BR0 = 0x6a
                0x0000006b                __UCB0BR1 = 0x6b
                0x0000006c                __UCB0I2CIE = 0x6c
                0x0000006d                __UCB0STAT = 0x6d
                0x0000006e                __UCB0RXBUF = 0x6e
                0x0000006f                __UCB0TXBUF = 0x6f
                0x00000118                __UCB0I2COA = 0x118
                0x0000011a                __UCB0I2CSA = 0x11a
                0x000000d0                __UCA1CTL0 = 0xd0
                0x000000d1                __UCA1CTL1 = 0xd1
                0x000000d2                __UCA1BR0 = 0xd2
                0x000000d3                __UCA1BR1 = 0xd3
                0x000000d4                __UCA1MCTL = 0xd4
                0x000000d5                __UCA1STAT = 0xd5
                0x000000d6                __UCA1RXBUF = 0xd6
                0x000000d7                __UCA1TXBUF = 0xd7
                0x000000cd                __UCA1ABCTL = 0xcd
                0x000000ce                __UCA1IRTCTL = 0xce
                0x000000cf                __UCA1IRRCTL = 0xcf
                0x000000d8                __UCB1CTL0 = 0xd8
                0x000000d9                __UCB1CTL1 = 0xd9
                0x000000da                __UCB1BR0 = 0xda
                0x000000db                __UCB1BR1 = 0xdb
                0x000000dc                __UCB1I2CIE = 0xdc
                0x000000dd                __UCB1STAT = 0xdd
                0x000000de                __UCB1RXBUF = 0xde
                0x000000df                __UCB1TXBUF = 0xdf
                0x0000017c                __UCB1I2COA = 0x17c
                0x0000017e                __UCB1I2CSA = 0x17e
                0x00000120                __WDTCTL = 0x120
                0x000010c0                __TLV_CHECKSUM = 0x10c0
                0x000010f6                __TLV_DCO_30_TAG = 0x10f6
                0x000010f7                __TLV_DCO_30_LEN = 0x10f7
                0x000010da                __TLV_ADC12_1_TAG = 0x10da
                0x000010db                __TLV_ADC12_1_LEN = 0x10db
                0x000010f8                __CALDCO_16MHZ = 0x10f8
                0x000010f9                __CALBC1_16MHZ = 0x10f9
                0x000010fa                __CALDCO_12MHZ = 0x10fa
                0x000010fb                __CALBC1_12MHZ = 0x10fb
                0x000010fc                __CALDCO_8MHZ = 0x10fc
                0x000010fd                __CALBC1_8MHZ = 0x10fd
                0x000010fe                __CALDCO_1MHZ = 0x10fe
                0x000010ff                __CALBC1_1MHZ = 0x10ff

.hash
 *(.hash)

.dynsym
 *(.dynsym)

.dynstr
 *(.dynstr)

.gnu.version
 *(.gnu.version)

.gnu.version_d
 *(.gnu.version_d)

.gnu.version_r
 *(.gnu.version_r)

.rel.init
 *(.rel.init)

.rela.init
 *(.rela.init)

.rel.text
 *(.rel.text)
 *(.rel.text.*)
 *(.rel.gnu.linkonce.t*)

.rela.text
 *(.rela.text)
 *(.rela.text.*)
 *(.rela.gnu.linkonce.t*)

.rel.fini
 *(.rel.fini)

.rela.fini
 *(.rela.fini)

.rel.rodata
 *(.rel.rodata)
 *(.rel.rodata.*)
 *(.rel.gnu.linkonce.r*)

.rela.rodata
 *(.rela.rodata)
 *(.rela.rodata.*)
 *(.rela.gnu.linkonce.r*)

.rel.data
 *(.rel.data)
 *(.rel.data.*)
 *(.rel.gnu.linkonce.d*)

.rela.data
 *(.rela.data)
 *(.rela.data.*)
 *(.rela.gnu.linkonce.d*)

.rel.ctors
 *(.rel.ctors)

.rela.ctors
 *(.rela.ctors)

.rel.dtors
 *(.rel.dtors)

.rela.dtors
 *(.rela.dtors)

.rel.got
 *(.rel.got)

.rela.got
 *(.rela.got)

.rel.bss
 *(.rel.bss)

.rela.bss
 *(.rela.bss)

.rel.plt
 *(.rel.plt)

.rela.plt
 *(.rela.plt)

.text           0x00003100     0xbbb0
                0x00003100                . = ALIGN (0x2)
 *(.init)
 *(.init0)
 .init0         0x00003100        0x0 /usr/lib/gcc/msp430/4.5.3/mcpu-430x/mmpy-16/libcrt0.a(_reset_vector__.o)
                0x00003100                _reset_vector__
 *(.init1)
 *(.init2)
 .init2         0x00003100        0x4 /usr/lib/gcc/msp430/4.5.3/mcpu-430x/mmpy-16/libcrt0.a(__init_stack.o)
                0x00003100                __init_stack
 *(.init3)
 .init3         0x00003104        0xa /usr/lib/gcc/msp430/4.5.3/mcpu-430x/mmpy-16/libcrt0.a(__low_level_init.o)
                0x00003104                __low_level_init
 *(.init4)
 .init4         0x0000310e       0x16 /usr/lib/gcc/msp430/4.5.3/mcpu-430x/mmpy-16/libcrt0.a(_copy_data.o)
                0x0000310e                __do_copy_data
 .init4         0x00003124       0x14 /usr/lib/gcc/msp430/4.5.3/mcpu-430x/mmpy-16/libcrt0.a(_clear_bss.o)
                0x00003124                __do_clear_bss
 *(.init5)
 *(.init6)
 *(.init7)
 *(.init8)
 *(.init9)
 .init9         0x00003138      0x388 obj_z1/contiki-z1-main.o
                0x00003138                main
 *(.fini9)
 .fini9         0x000034c0        0x0 /usr/lib/gcc/msp430/4.5.3/mcpu-430x/mmpy-16/libcrt0.a(__stop_progExec__.o)
                0x000034c0                __stop_progExec__
 *(.fini8)
 *(.fini7)
 *(.fini6)
 *(.fini5)
 *(.fini4)
 *(.fini3)
 *(.fini2)
 *(.fini1)
 *(.fini0)
 .fini0         0x000034c0        0x6 /usr/lib/gcc/msp430/4.5.3/mcpu-430x/mmpy-16/libcrt0.a(_endless_loop__.o)
                0x000034c0                _endless_loop__
 *(.fini)
                0x000034c6                . = ALIGN (0x2)
                0x000034c6                __ctors_start = .
 *(.ctors)
                0x000034c6                __ctors_end = .
                0x000034c6                __dtors_start = .
 *(.dtors)
                0x000034c6                __dtors_end = .
                0x000034c6                . = ALIGN (0x2)
 *(.text)
 .text          0x000034c6        0x4 /usr/lib/gcc/msp430/4.5.3/mcpu-430x/mmpy-16/crt0ivtbl32.o
                0x000034c6                __isr_14
                0x000034c6                __isr_4
                0x000034c6                __isr_29
                0x000034c6                __isr_11
                0x000034c6                __isr_5
                0x000034c6                __isr_2
                0x000034c6                __isr_10
                0x000034c6                __isr_7
                0x000034c6                __isr_0
                0x000034c6                __isr_28
                0x000034c6                __isr_8
                0x000034c6                __isr_20
                0x000034c6                __isr_3
                0x000034c6                __isr_12
                0x000034c6                __isr_13
                0x000034c6                __isr_27
                0x000034c6                __isr_9
                0x000034c6                __isr_30
                0x000034c6                __isr_6
                0x000034c6                __isr_22
                0x000034c6                __isr_1
                0x000034c6                __isr_15
                0x000034c6                __isr_21
 .text          0x000034ca       0x82 hello-world.co
                0x00003548                autostart_processes
 .text          0x0000354c      0x142 obj_z1/contiki-z1-main.o
                0x0000354c                uip_log
 .text          0x0000368e        0xc contiki-z1.a(contiki-z1-plat)
                0x0000368e                init_platform
 .text          0x0000369a       0xc0 contiki-z1.a(msp430.o)
                0x0000369a                msp430_init_dco
                0x000036c4                splhigh_
                0x000036cc                msp430_sync_dco
                0x00003730                msp430_cpu_init
 .text          0x0000375a      0x15c contiki-z1.a(leds.o)
                0x0000385e                leds_init
                0x00003868                leds_get
                0x0000386e                leds_set
                0x00003874                leds_on
                0x0000387e                leds_off
                0x0000388c                leds_toggle
                0x00003896                leds_blink
 .text          0x000038b6       0x5c contiki-z1.a(watchdog.o)
                0x000038b6                __isr_26
                0x000038b6                watchdog_interrupt
                0x000038bc                watchdog_start
                0x000038d0                watchdog_periodic
                0x000038e2                watchdog_stop
                0x000038f8                watchdog_init
                0x0000390c                watchdog_reboot
 .text          0x00003912      0x3b6 contiki-z1.a(xmem.o)
                0x0000398a                xmem_init
                0x000039a8                xmem_pread
                0x00003a8a                xmem_pwrite
                0x00003bfe                xmem_erase
 .text          0x00003cc8       0x38 contiki-z1.a(spi.o)
                0x00003cc8                spi_init
 .text          0x00003d00      0xa94 contiki-z1.a(cc2420.o)
                0x0000411c                cc2420_on
                0x0000413e                cc2420_off
                0x000042d2                cc2420_get_channel
                0x000042d8                cc2420_set_channel
                0x00004314                cc2420_set_pan_addr
                0x00004360                cc2420_interrupt
                0x00004378                cc2420_set_txpower
                0x0000440a                cc2420_get_txpower
                0x0000456e                cc2420_rssi
                0x0000465e                cc2420_set_cca_threshold
                0x00004674                cc2420_init
                0x00004764                cc2420_driver
                0x00004780                cc2420_aes_128_driver
 .text          0x00004794       0x1a contiki-z1.a(cc2420-arch.o)
                0x00004794                cc2420_arch_init
 .text          0x000047ae       0x9e contiki-z1.a(node-id.o)
                0x000047ae                node_id_restore
                0x000047fa                node_id_burn
 .text          0x0000484c      0x164 contiki-z1.a(sensors.o)
                0x00004930                sensors_first
                0x00004936                sensors_next
                0x00004944                sensors_changed
                0x00004958                sensors_find
 .text          0x000049b0      0x128 contiki-z1.a(button-sensor.o)
                0x00004a36                irq_p2
                0x00004a36                __isr_19
                0x00004ad0                button_sensor
 .text          0x00004ad8       0xf2 contiki-z1.a(uart0.o)
                0x00004ad8                uart0_active
                0x00004ae4                uart0_set_input
                0x00004aea                uart0_writeb
                0x00004b02                uart0_init
                0x00004b48                __isr_23
                0x00004b48                uart0_rx_interrupt
 .text          0x00004bca        0xe contiki-z1.a(uart0-putchar.o)
                0x00004bca                putchar
 .text          0x00004bd8      0x104 contiki-z1.a(z1-phidgets.o)
                0x00004cd4                phidgets
 .text          0x00004cdc      0x350 contiki-z1.a(adxl345.o)
                0x00004cdc                accm_write_reg
                0x00004d0a                accm_write_stream
                0x00004d38                accm_read_reg
                0x00004de4                accm_read_stream
                0x00004e3a                accm_read_axis
                0x00004e60                accm_set_grange
                0x00004e84                accm_init
                0x00004f14                accm_set_irq
                0x00004f40                port1_isr
                0x00004f40                __isr_18
 .text          0x0000502c      0x1ee contiki-z1.a(clock.o)
                0x0000503a                __isr_24
                0x0000503a                timera1
                0x0000512c                clock_time
                0x00005146                clock_set
                0x0000515c                clock_fine_max
                0x00005162                clock_fine
                0x0000516c                clock_init
                0x00005194                clock_delay
                0x000051a0                clock_wait
                0x000051d6                clock_set_seconds
                0x000051f2                clock_seconds
                0x0000520c                clock_counter
 .text          0x0000521a       0x76 contiki-z1.a(leds-arch.o)
                0x0000521a                leds_arch_init
                0x00005228                leds_arch_get
                0x00005256                leds_arch_set
 .text          0x00005290       0x98 contiki-z1.a(rtimer-arch.o)
                0x00005290                rtimer_arch_init
                0x0000529e                rtimer_arch_now
                0x000052ac                __isr_25
                0x000052ac                timera0
                0x00005322                rtimer_arch_schedule
 .text          0x00005328       0x2e contiki-z1.a(autostart.o)
                0x00005328                autostart_start
                0x00005340                autostart_exit
 .text          0x00005356      0x1d6 contiki-z1.a(ctimer.o)
                0x000053fa                ctimer_init
                0x00005412                ctimer_set
                0x00005462                ctimer_reset
                0x00005492                ctimer_restart
                0x000054c2                ctimer_stop
                0x000054ea                ctimer_expired
 .text          0x0000552c       0xcc contiki-z1.a(energest.o)
                0x0000552c                energest_init
                0x00005556                energest_type_time
                0x0000559a                energest_leveldevice_leveltime
                0x000055a0                energest_type_set
                0x000055ae                energest_flush
 .text          0x000055f8      0x276 contiki-z1.a(etimer.o)
                0x00005670                etimer_request_poll
                0x00005788                etimer_set
                0x0000579a                etimer_reset
                0x000057ac                etimer_restart
                0x000057be                etimer_adjust
                0x000057d8                etimer_expired
                0x000057e6                etimer_expiration_time
                0x000057fa                etimer_start_time
                0x00005802                etimer_pending
                0x00005810                etimer_next_expiration_time
                0x00005826                etimer_stop
 .text          0x0000586e      0x2ac contiki-z1.a(process.o)
                0x0000597e                process_alloc_event
                0x0000598c                process_exit
                0x00005996                process_init
                0x000059b2                process_run
                0x00005a4e                process_nevents
                0x00005a5a                process_post
                0x00005aae                process_post_synch
                0x00005ac0                process_start
                0x00005af2                process_poll
                0x00005b0c                process_is_running
 .text          0x00005b1a       0x50 contiki-z1.a(rtimer.o)
                0x00005b1a                rtimer_init
                0x00005b20                rtimer_set
                0x00005b44                rtimer_run_next
 .text          0x00005b6a       0x94 contiki-z1.a(timer.o)
                0x00005b6a                timer_set
                0x00005b86                timer_reset
                0x00005b94                timer_restart
                0x00005ba8                timer_expired
                0x00005bd6                timer_remaining
 .text          0x00005bfe       0xfc contiki-z1.a(list.o)
                0x00005bfe                list_init
                0x00005c04                list_head
                0x00005c08                list_copy
                0x00005c0e                list_tail
                0x00005c22                list_chop
                0x00005c4c                list_pop
                0x00005c5a                list_remove
                0x00005c88                list_push
                0x00005ca2                list_add
                0x00005ccc                list_length
                0x00005cdc                list_insert
                0x00005cf2                list_item_next
 .text          0x00005cfa      0xfe2 contiki-z1.a(sicslowpan.o)
                0x00006516                sicslowpan_init
                0x00006ca6                rime_sniffer_add
                0x00006cac                rime_sniffer_remove
                0x00006cb2                sicslowpan_get_last_rssi
                0x00006cb8                unc_llconf
                0x00006cbc                unc_ctxconf
                0x00006cc0                unc_mxconf
                0x00006cc4                llprefix
                0x00006cd2                sicslowpan_driver
 .text          0x00006cdc     0x14f0 contiki-z1.a(uip6.o)
                0x00006e44                uip_add32
                0x00006ee4                uip_chksum
                0x00006f00                uip_icmp6chksum
                0x00006f0a                uip_tcpchksum
                0x00006f14                uip_udpchksum
                0x00006f1e                uip_init
                0x00006f92                uip_connect
                0x000070ca                remove_ext_hdr
                0x00007122                uip_udp_new
                0x00007210                uip_unlisten
                0x00007242                uip_listen
                0x00007276                uip_process
                0x00008138                uip_htons
                0x0000814a                uip_htonl
                0x00008188                uip_send
 .text          0x000081cc      0x736 contiki-z1.a(uip-ds6.o)
                0x000081cc                uip_ds6_list_loop
                0x0000824e                uip_ds6_prefix_add
                0x000082ce                uip_ds6_prefix_rm
                0x000082d8                uip_ds6_prefix_lookup
                0x00008300                uip_ds6_is_addr_onlink
                0x00008350                uip_ds6_addr_lookup
                0x0000837a                uip_ds6_get_link_local
                0x000083b8                uip_ds6_get_global
                0x000083f6                uip_ds6_maddr_add
                0x00008442                uip_ds6_addr_add
                0x0000850c                uip_ds6_maddr_rm
                0x00008516                uip_ds6_maddr_lookup
                0x00008540                uip_ds6_addr_rm
                0x00008594                uip_ds6_periodic
                0x000085de                uip_ds6_aaddr_add
                0x00008628                uip_ds6_aaddr_rm
                0x00008632                uip_ds6_aaddr_lookup
                0x0000865a                uip_ds6_set_addr_iid
                0x0000866e                get_match_length
                0x000086b4                uip_ds6_select_src
                0x0000875e                uip_ds6_compute_reachable_time
                0x000087a8                uip_ds6_init
 .text          0x00008902      0x2dc contiki-z1.a(uip-ds6-nbr.o)
                0x00008902                uip_ds6_nbr_rm
                0x0000891c                uip_ds6_neighbors_init
                0x0000892a                uip_ds6_nbr_add
                0x0000898a                uip_ds6_nbr_get_ipaddr
                0x0000898c                uip_ds6_nbr_get_ll
                0x00008998                uip_ds6_nbr_num
                0x000089bc                uip_ds6_nbr_lookup
                0x000089fc                uip_ds6_nbr_ll_lookup
                0x00008a08                uip_ds6_nbr_ipaddr_from_lladdr
                0x00008a0e                uip_ds6_nbr_lladdr_from_ipaddr
                0x00008a1e                uip_ds6_link_neighbor_callback
                0x00008a48                uip_ds6_neighbor_periodic
                0x00008b80                uip_ds6_get_least_lifetime_neighbor
 .text          0x00008bde      0x4ce contiki-z1.a(uip-ds6-route.o)
                0x00008c32                uip_ds6_notification_add
                0x00008c4a                uip_ds6_notification_rm
                0x00008c56                uip_ds6_route_init
                0x00008c8c                uip_ds6_route_nexthop
                0x00008ca2                uip_ds6_route_head
                0x00008cac                uip_ds6_route_next
                0x00008cb8                uip_ds6_route_num_routes
                0x00008cbe                uip_ds6_route_lookup
                0x00008d46                uip_ds6_route_rm
                0x00008e24                uip_ds6_route_add
                0x00008f34                uip_ds6_route_rm_by_nexthop
                0x00008f48                uip_ds6_defrt_rm
                0x00008f90                uip_ds6_defrt_lookup
                0x00008fc6                uip_ds6_defrt_add
                0x0000903a                uip_ds6_defrt_choose
                0x00009074                uip_ds6_defrt_periodic
 .text          0x000090ac      0x4ae contiki-z1.a(uip-icmp6.o)
                0x000092d6                uip_icmp6_input
                0x0000931a                uip_icmp6_register_input_handler
                0x00009326                uip_icmp6_error_output
                0x00009490                uip_icmp6_send
                0x00009524                uip_icmp6_echo_reply_callback_add
                0x0000953c                uip_icmp6_echo_reply_callback_rm
                0x00009548                uip_icmp6_init
 .text          0x0000955a      0x598 contiki-z1.a(uip-nd6.o)
                0x00009974                uip_nd6_ns_output
                0x00009ae0                uip_nd6_init
 .text          0x00009af2      0x53a contiki-z1.a(tcpip.o)
                0x00009b08                tcpip_output
                0x00009b18                tcpip_set_outputfunc
                0x00009b1e                tcp_unlisten
                0x00009b58                tcp_listen
                0x00009b94                tcp_attach
                0x00009ba0                udp_attach
                0x00009bac                udp_new
                0x00009bc6                udp_broadcast_new
                0x00009c0c                tcpip_input
                0x00009c22                tcpip_ipv6_output
                0x00009f60                tcpip_poll_udp
                0x00009f6e                tcpip_poll_tcp
                0x00009f7c                tcp_connect
                0x00009fa2                tcpip_uipcall
 .text          0x0000a02c       0xd2 contiki-z1.a(uip-debug.o)
                0x0000a042                uip_debug_ipaddr_print
                0x0000a0ca                uip_debug_lladdr_print
 .text          0x0000a0fe      0x25a contiki-z1.a(rpl.o)
                0x0000a0fe                rpl_get_mode
                0x0000a104                rpl_set_mode
                0x0000a142                rpl_purge_routes
                0x0000a1d8                rpl_remove_routes
                0x0000a1fa                rpl_remove_routes_by_nexthop
                0x0000a240                rpl_add_route
                0x0000a286                rpl_link_neighbor_callback
                0x0000a2f0                rpl_ipv6_neighbor_callback
                0x0000a30e                rpl_init
 .text          0x0000a358      0xfb0 contiki-z1.a(rpl-dag.o)
                0x0000a496                rpl_get_nbr
                0x0000a4b0                rpl_dag_init
                0x0000a4be                rpl_get_parent
                0x0000a4ca                rpl_get_parent_rank
                0x0000a4de                rpl_get_parent_link_metric
                0x0000a4f2                rpl_get_parent_ipaddr
                0x0000a502                rpl_set_prefix
                0x0000a592                rpl_set_default_route
                0x0000a5f4                rpl_alloc_instance
                0x0000a620                rpl_set_default_instance
                0x0000a626                rpl_add_parent
                0x0000a67a                rpl_find_parent
                0x0000a694                rpl_find_parent_any_dag
                0x0000a6ba                rpl_select_parent
                0x0000a71c                rpl_select_dag
                0x0000a8d0                rpl_nullify_parent
                0x0000a91e                rpl_remove_parent
                0x0000a96c                rpl_free_dag
                0x0000a9a2                rpl_free_instance
                0x0000aa08                rpl_move_parent
                0x0000aa62                rpl_get_any_dag
                0x0000aa7a                rpl_get_instance
                0x0000aaec                rpl_alloc_dag
                0x0000ab56                rpl_set_root
                0x0000ac42                rpl_repair_root
                0x0000ac8e                rpl_find_of
                0x0000ac9e                rpl_join_instance
                0x0000ade0                rpl_local_repair
                0x0000ae5e                rpl_process_parent_event
                0x0000aee6                rpl_recalculate_ranks
                0x0000af2e                rpl_add_dag
                0x0000b044                rpl_process_dio
                0x0000b2fc                rpl_lock_parent
 .text          0x0000b308      0x36a contiki-z1.a(rpl-ext-header.)
                0x0000b308                rpl_verify_header
                0x0000b3ca                rpl_update_header_empty
                0x0000b4fc                rpl_update_header_final
                0x0000b592                rpl_remove_header
                0x0000b5dc                rpl_invert_header
                0x0000b660                rpl_insert_header
 .text          0x0000b672      0xafa contiki-z1.a(rpl-icmp6.o)
                0x0000b9f6                dis_output
                0x0000ba46                dio_output
                0x0000bd0c                dao_output_target
                0x0000bdf2                dao_output
                0x0000be6c                dao_ack_output
                0x0000c14a                rpl_icmp6_register_handlers
 .text          0x0000c16c      0x186 contiki-z1.a(rpl-mrhof.o)
 .text          0x0000c2f2      0x362 contiki-z1.a(rpl-timers.o)
                0x0000c5b6                rpl_reset_periodic_timer
                0x0000c60c                rpl_reset_dio_timer
                0x0000c624                rpl_schedule_dao
                0x0000c630                rpl_schedule_dao_immediately
                0x0000c63a                rpl_cancel_dao
 .text          0x0000c654       0x2e contiki-z1.a(linkaddr.o)
                0x0000c654                linkaddr_copy
                0x0000c65c                linkaddr_cmp
                0x0000c66e                linkaddr_set_node_addr
                0x0000c67a                linkaddr_null
 .text          0x0000c682      0x490 contiki-z1.a(nbr-table.o)
                0x0000c898                nbr_table_register
                0x0000c8be                nbr_table_next
                0x0000c8f4                nbr_table_head
                0x0000c92a                nbr_table_add_lladdr
                0x0000ca68                nbr_table_get_from_lladdr
                0x0000cab4                nbr_table_remove
                0x0000cae6                nbr_table_lock
                0x0000caf6                nbr_table_unlock
                0x0000cb06                nbr_table_get_lladdr
 .text          0x0000cb12      0x242 contiki-z1.a(packetbuf.o)
                0x0000cb12                packetbuf_clear_hdr
                0x0000cb1a                packetbuf_copyto_hdr
                0x0000cb36                packetbuf_copyto
                0x0000cb88                packetbuf_hdr_remove
                0x0000cb8e                packetbuf_hdrreduce
                0x0000cba8                packetbuf_set_datalen
                0x0000cbae                packetbuf_dataptr
                0x0000cbb8                packetbuf_hdrptr
                0x0000cbc2                packetbuf_is_reference
                0x0000cbd0                packetbuf_compact
                0x0000cc18                packetbuf_reference_ptr
                0x0000cc1e                packetbuf_datalen
                0x0000cc24                packetbuf_hdrlen
                0x0000cc34                packetbuf_totlen
                0x0000cc40                packetbuf_hdralloc
                0x0000cc6e                packetbuf_attr_clear
                0x0000cc98                packetbuf_clear
                0x0000ccb8                packetbuf_reference
                0x0000ccd2                packetbuf_copyfrom
                0x0000cd00                packetbuf_attr_copyto
                0x0000cd22                packetbuf_attr_copyfrom
                0x0000cd46                packetbuf_holds_broadcast
 .text          0x0000cd54      0x208 contiki-z1.a(queuebuf.o)
                0x0000cd54                queuebuf_init
                0x0000cd6e                queuebuf_numfree
                0x0000cd8a                queuebuf_new_from_packetbuf
                0x0000ce12                queuebuf_update_attr_from_packetbuf
                0x0000ce24                queuebuf_update_from_packetbuf
                0x0000ce46                queuebuf_free
                0x0000ce8c                queuebuf_to_packetbuf
                0x0000cefc                queuebuf_dataptr
                0x0000cf2e                queuebuf_datalen
                0x0000cf36                queuebuf_addr
                0x0000cf4c                queuebuf_attr
                0x0000cf5a                queuebuf_debug_print
 .text          0x0000cf5c      0x3be contiki-z1.a(csma.o)
                0x0000d30c                csma_driver
 .text          0x0000d31a      0x1be contiki-z1.a(framer-802154.o)
                0x0000d4d0                framer_802154
 .text          0x0000d4d8       0x20 contiki-z1.a(framer.o)
                0x0000d4d8                framer_canonical_create_and_secure
 .text          0x0000d4f8       0x14 contiki-z1.a(mac.o)
                0x0000d4f8                mac_call_sent_callback
 .text          0x0000d50c      0x65c contiki-z1.a(contikimac.o)
                0x0000db48                contikimac_debug_print
                0x0000db58                contikimac_driver
 .text          0x0000db68       0x30 contiki-z1.a(nullsec.o)
                0x0000db8c                nullsec_driver
 .text          0x0000db98      0x1ac contiki-z1.a(i2cmaster.o)
                0x0000db98                i2c_setrate
                0x0000db9e                i2c_receiveinit
                0x0000dbd6                i2c_transmitinit
                0x0000dc08                i2c_receive_n
                0x0000dc4c                i2c_busy
                0x0000dc56                i2c_enable
                0x0000dc7a                i2c_disable
                0x0000dc94                i2c_transmit_n
                0x0000dca8                __isr_16
                0x0000dca8                i2c_tx_interrupt
                0x0000dd2c                i2c_rx_interrupt
                0x0000dd2c                __isr_17
 .text          0x0000dd44       0xba contiki-z1.a(stimer.o)
                0x0000dd44                stimer_set
                0x0000dd60                stimer_reset
                0x0000dd6e                stimer_restart
                0x0000dd82                stimer_expired
                0x0000ddc4                stimer_remaining
                0x0000ddec                stimer_elapsed
 .text          0x0000ddfe      0x102 contiki-z1.a(memb.o)
                0x0000ddfe                memb_init
                0x0000de34                memb_alloc
                0x0000de72                memb_free
                0x0000deac                memb_inmemb
                0x0000deda                memb_numfree
 .text          0x0000df00        0xc contiki-z1.a(random.o)
                0x0000df00                random_init
                0x0000df06                random_rand
 .text          0x0000df0c      0x390 contiki-z1.a(frame802154.o)
                0x0000dfa4                frame802154_hdrlen
                0x0000dfd2                frame802154_create
                0x0000e10e                frame802154_parse
 .text          0x0000e29c       0xae contiki-z1.a(mac-sequence.o)
                0x0000e29c                mac_sequence_is_duplicate
                0x0000e2dc                mac_sequence_register_seqno
 .text          0x0000e34a        0x0 /usr/lib/gcc/msp430/4.5.3/mcpu-430x/mmpy-16/libgcc.a(_mulsi3.o)
 .text          0x0000e34a        0x0 /usr/lib/gcc/msp430/4.5.3/mcpu-430x/mmpy-16/libgcc.a(_udivmodhi4.o)
 .text          0x0000e34a        0x0 /usr/lib/gcc/msp430/4.5.3/mcpu-430x/mmpy-16/libgcc.a(_divmodhi4.o)
 .text          0x0000e34a        0x0 /usr/lib/gcc/msp430/4.5.3/mcpu-430x/mmpy-16/libgcc.a(_udivmodsi4.o)
 .text          0x0000e34a       0x30 /usr/lib/gcc/msp430/4.5.3/../../../../msp430/lib/mcpu-430x/mmpy-16/libc.a(strncmp.o)
                0x0000e34a                strncmp
 .text          0x0000e37a       0x34 /usr/lib/gcc/msp430/4.5.3/../../../../msp430/lib/mcpu-430x/mmpy-16/libc.a(memcmp.o)
                0x0000e37a                memcmp
 .text          0x0000e3ae      0x104 /usr/lib/gcc/msp430/4.5.3/../../../../msp430/lib/mcpu-430x/mmpy-16/libc.a(memcpy.o)
                0x0000e3ae                memcpy
 .text          0x0000e4b2      0x104 /usr/lib/gcc/msp430/4.5.3/../../../../msp430/lib/mcpu-430x/mmpy-16/libc.a(memmove.o)
                0x0000e4b2                memmove
 .text          0x0000e5b6       0x66 /usr/lib/gcc/msp430/4.5.3/../../../../msp430/lib/mcpu-430x/mmpy-16/libc.a(memset.o)
                0x0000e5b6                memset
 .text          0x0000e61c       0x20 /usr/lib/gcc/msp430/4.5.3/../../../../msp430/lib/mcpu-430x/mmpy-16/libc.a(printf.o)
                0x0000e61c                printf
                0x0000e62e                vprintf
 .text          0x0000e63c      0x476 /usr/lib/gcc/msp430/4.5.3/../../../../msp430/lib/mcpu-430x/mmpy-16/libc.a(vuprintf.o)
                0x0000e748                vuprintf
 .text          0x0000eab2       0x2c /usr/lib/gcc/msp430/4.5.3/../../../../msp430/lib/mcpu-430x/mmpy-16/libc.a(puts.o)
                0x0000eab2                puts
 .text          0x0000eade      0x134 /usr/lib/gcc/msp430/4.5.3/../../../../msp430/lib/mcpu-430x/mmpy-16/libc.a(rand.o)
                0x0000eade                rand_r
                0x0000eb72                rand
                0x0000ec08                srand
 .text          0x0000ec12        0x0 /usr/lib/gcc/msp430/4.5.3/mcpu-430x/mmpy-16/libcrt0.a(_reset_vector__.o)
 .text          0x0000ec12        0x0 /usr/lib/gcc/msp430/4.5.3/mcpu-430x/mmpy-16/libcrt0.a(__init_stack.o)
 .text          0x0000ec12        0x0 /usr/lib/gcc/msp430/4.5.3/mcpu-430x/mmpy-16/libcrt0.a(__low_level_init.o)
 .text          0x0000ec12        0x0 /usr/lib/gcc/msp430/4.5.3/mcpu-430x/mmpy-16/libcrt0.a(_copy_data.o)
 .text          0x0000ec12        0x0 /usr/lib/gcc/msp430/4.5.3/mcpu-430x/mmpy-16/libcrt0.a(_clear_bss.o)
 .text          0x0000ec12        0x0 /usr/lib/gcc/msp430/4.5.3/mcpu-430x/mmpy-16/libcrt0.a(__stop_progExec__.o)
 .text          0x0000ec12        0x0 /usr/lib/gcc/msp430/4.5.3/mcpu-430x/mmpy-16/libcrt0.a(_endless_loop__.o)
 .text          0x0000ec12        0x0 /usr/lib/gcc/msp430/4.5.3/mcpu-430x/mmpy-16/libcrt0.a(_unexpected_.o)
                0x0000ec12                . = ALIGN (0x2)
 *(.text.*)
 .text.crt0     0x0000ec12        0x0 /usr/lib/gcc/msp430/4.5.3/mcpu-430x/mmpy-16/crt0ivtbl32.o
 .text.libgcc   0x0000ec12       0x20 /usr/lib/gcc/msp430/4.5.3/mcpu-430x/mmpy-16/libgcc.a(_mulsi3.o)
                0x0000ec12                __mulsi3
 .text.libgcc   0x0000ec32       0x1c /usr/lib/gcc/msp430/4.5.3/mcpu-430x/mmpy-16/libgcc.a(_udivmodhi4.o)
                0x0000ec32                __udivmodhi4
 .text.libgcc   0x0000ec4e       0x36 /usr/lib/gcc/msp430/4.5.3/mcpu-430x/mmpy-16/libgcc.a(_divmodhi4.o)
                0x0000ec4e                __divmodhi4
 .text.libgcc   0x0000ec84       0x2a /usr/lib/gcc/msp430/4.5.3/mcpu-430x/mmpy-16/libgcc.a(_udivmodsi4.o)
                0x0000ec84                __udivmodsi4
 .text.crt0     0x0000ecae        0x2 /usr/lib/gcc/msp430/4.5.3/mcpu-430x/mmpy-16/libcrt0.a(_unexpected_.o)
                0x0000ecae                _unexpected_

.rodata         0x0000ecb0        0x0
                0x0000ecb0                . = ALIGN (0x2)
 *(.rodata .rodata.* .gnu.linkonce.r.*)
                0x0000ecb0                . = ALIGN (0x2)
                0x0000ecb0                _etext = .

.data           0x00001100      0x112 load address 0x0000ecb0
                0x00001100                . = ALIGN (0x2)
                0x00001100                PROVIDE (__data_start, .)
 *(.data)
 .data          0x00001100        0x0 /usr/lib/gcc/msp430/4.5.3/mcpu-430x/mmpy-16/crt0ivtbl32.o
 .data          0x00001100        0xa hello-world.co
                0x00001100                hello_world_process
 .data          0x0000110a        0x4 obj_z1/contiki-z1-main.o
                0x0000110a                sensors
 .data          0x0000110e        0x0 contiki-z1.a(contiki-z1-plat)
 .data          0x0000110e        0x2 contiki-z1.a(msp430.o)
 .data          0x00001110        0x0 contiki-z1.a(leds.o)
 .data          0x00001110        0x0 contiki-z1.a(watchdog.o)
 .data          0x00001110        0x0 contiki-z1.a(xmem.o)
 .data          0x00001110        0x0 contiki-z1.a(spi.o)
 .data          0x00001110        0xa contiki-z1.a(cc2420.o)
                0x00001110                cc2420_process
 .data          0x0000111a        0x0 contiki-z1.a(cc2420-arch.o)
 .data          0x0000111a        0x0 contiki-z1.a(node-id.o)
 .data          0x0000111a        0xa contiki-z1.a(sensors.o)
                0x0000111a                sensors_process
 .data          0x00001124        0x0 contiki-z1.a(button-sensor.o)
 .data          0x00001124        0x0 contiki-z1.a(uart0.o)
 .data          0x00001124        0x0 contiki-z1.a(uart0-putchar.o)
 .data          0x00001124        0x0 contiki-z1.a(z1-phidgets.o)
 .data          0x00001124       0x20 contiki-z1.a(adxl345.o)
                0x00001124                accmeter_process
 .data          0x00001144        0x0 contiki-z1.a(clock.o)
 .data          0x00001144        0x0 contiki-z1.a(leds-arch.o)
 .data          0x00001144        0x0 contiki-z1.a(rtimer-arch.o)
 .data          0x00001144        0x0 contiki-z1.a(autostart.o)
 .data          0x00001144        0xa contiki-z1.a(ctimer.o)
                0x00001144                ctimer_process
 .data          0x0000114e        0x0 contiki-z1.a(energest.o)
 .data          0x0000114e        0xa contiki-z1.a(etimer.o)
                0x0000114e                etimer_process
 .data          0x00001158        0x0 contiki-z1.a(process.o)
 .data          0x00001158        0x0 contiki-z1.a(rtimer.o)
 .data          0x00001158        0x0 contiki-z1.a(timer.o)
 .data          0x00001158        0x0 contiki-z1.a(list.o)
 .data          0x00001158        0x0 contiki-z1.a(sicslowpan.o)
 .data          0x00001158        0x0 contiki-z1.a(uip6.o)
 .data          0x00001158        0x0 contiki-z1.a(uip-ds6.o)
 .data          0x00001158        0xa contiki-z1.a(uip-ds6-nbr.o)
                0x00001158                ds6_neighbors
 .data          0x00001162       0x20 contiki-z1.a(uip-ds6-route.o)
 .data          0x00001182        0xc contiki-z1.a(uip-icmp6.o)
 .data          0x0000118e        0xc contiki-z1.a(uip-nd6.o)
 .data          0x0000119a        0xa contiki-z1.a(tcpip.o)
                0x0000119a                tcpip_process
 .data          0x000011a4        0x0 contiki-z1.a(uip-debug.o)
 .data          0x000011a4        0x0 contiki-z1.a(rpl.o)
 .data          0x000011a4        0x8 contiki-z1.a(rpl-dag.o)
 .data          0x000011ac        0x0 contiki-z1.a(rpl-ext-header.)
 .data          0x000011ac       0x1a contiki-z1.a(rpl-icmp6.o)
 .data          0x000011c6        0xe contiki-z1.a(rpl-mrhof.o)
                0x000011c6                rpl_mrhof
 .data          0x000011d4        0x0 contiki-z1.a(rpl-timers.o)
 .data          0x000011d4        0x0 contiki-z1.a(linkaddr.o)
 .data          0x000011d4        0x8 contiki-z1.a(nbr-table.o)
 .data          0x000011dc        0x0 contiki-z1.a(packetbuf.o)
 .data          0x000011dc       0x18 contiki-z1.a(queuebuf.o)
 .data          0x000011f4       0x18 contiki-z1.a(csma.o)
 .data          0x0000120c        0x0 contiki-z1.a(framer-802154.o)
 .data          0x0000120c        0x0 contiki-z1.a(framer.o)
 .data          0x0000120c        0x0 contiki-z1.a(mac.o)
 .data          0x0000120c        0x0 contiki-z1.a(contikimac.o)
 .data          0x0000120c        0x0 contiki-z1.a(nullsec.o)
 .data          0x0000120c        0x1 contiki-z1.a(i2cmaster.o)
                0x0000120c                prescale_lsb
 .data          0x0000120d        0x0 contiki-z1.a(stimer.o)
 .data          0x0000120d        0x0 contiki-z1.a(memb.o)
 .data          0x0000120d        0x0 contiki-z1.a(random.o)
 .data          0x0000120d        0x0 contiki-z1.a(frame802154.o)
 .data          0x0000120d        0x0 contiki-z1.a(mac-sequence.o)
 .data          0x0000120d        0x0 /usr/lib/gcc/msp430/4.5.3/mcpu-430x/mmpy-16/libgcc.a(_mulsi3.o)
 .data          0x0000120d        0x0 /usr/lib/gcc/msp430/4.5.3/mcpu-430x/mmpy-16/libgcc.a(_udivmodhi4.o)
 .data          0x0000120d        0x0 /usr/lib/gcc/msp430/4.5.3/mcpu-430x/mmpy-16/libgcc.a(_divmodhi4.o)
 .data          0x0000120d        0x0 /usr/lib/gcc/msp430/4.5.3/mcpu-430x/mmpy-16/libgcc.a(_udivmodsi4.o)
 .data          0x0000120d        0x0 /usr/lib/gcc/msp430/4.5.3/../../../../msp430/lib/mcpu-430x/mmpy-16/libc.a(strncmp.o)
 .data          0x0000120d        0x0 /usr/lib/gcc/msp430/4.5.3/../../../../msp430/lib/mcpu-430x/mmpy-16/libc.a(memcmp.o)
 .data          0x0000120d        0x0 /usr/lib/gcc/msp430/4.5.3/../../../../msp430/lib/mcpu-430x/mmpy-16/libc.a(memcpy.o)
 .data          0x0000120d        0x0 /usr/lib/gcc/msp430/4.5.3/../../../../msp430/lib/mcpu-430x/mmpy-16/libc.a(memmove.o)
 .data          0x0000120d        0x0 /usr/lib/gcc/msp430/4.5.3/../../../../msp430/lib/mcpu-430x/mmpy-16/libc.a(memset.o)
 .data          0x0000120d        0x0 /usr/lib/gcc/msp430/4.5.3/../../../../msp430/lib/mcpu-430x/mmpy-16/libc.a(printf.o)
 .data          0x0000120d        0x0 /usr/lib/gcc/msp430/4.5.3/../../../../msp430/lib/mcpu-430x/mmpy-16/libc.a(vuprintf.o)
 .data          0x0000120d        0x0 /usr/lib/gcc/msp430/4.5.3/../../../../msp430/lib/mcpu-430x/mmpy-16/libc.a(puts.o)
 *fill*         0x0000120d        0x1 00
 .data          0x0000120e        0x4 /usr/lib/gcc/msp430/4.5.3/../../../../msp430/lib/mcpu-430x/mmpy-16/libc.a(rand.o)
 .data          0x00001212        0x0 /usr/lib/gcc/msp430/4.5.3/mcpu-430x/mmpy-16/libcrt0.a(_reset_vector__.o)
 .data          0x00001212        0x0 /usr/lib/gcc/msp430/4.5.3/mcpu-430x/mmpy-16/libcrt0.a(__init_stack.o)
 .data          0x00001212        0x0 /usr/lib/gcc/msp430/4.5.3/mcpu-430x/mmpy-16/libcrt0.a(__low_level_init.o)
 .data          0x00001212        0x0 /usr/lib/gcc/msp430/4.5.3/mcpu-430x/mmpy-16/libcrt0.a(_copy_data.o)
 .data          0x00001212        0x0 /usr/lib/gcc/msp430/4.5.3/mcpu-430x/mmpy-16/libcrt0.a(_clear_bss.o)
 .data          0x00001212        0x0 /usr/lib/gcc/msp430/4.5.3/mcpu-430x/mmpy-16/libcrt0.a(__stop_progExec__.o)
 .data          0x00001212        0x0 /usr/lib/gcc/msp430/4.5.3/mcpu-430x/mmpy-16/libcrt0.a(_endless_loop__.o)
 .data          0x00001212        0x0 /usr/lib/gcc/msp430/4.5.3/mcpu-430x/mmpy-16/libcrt0.a(_unexpected_.o)
 *(SORT(.data.*))
                0x00001212                . = ALIGN (0x2)
 *(.gnu.linkonce.d*)
                0x00001212                . = ALIGN (0x2)
                0x00001212                _edata = .
                0x0000ecb0                PROVIDE (__data_load_start, LOADADDR (.data))
                0x00000112                PROVIDE (__data_size, SIZEOF (.data))

.bss            0x00001212     0x131c load address 0x0000edc2
                0x00001212                PROVIDE (__bss_start, .)
 *(.bss)
 .bss           0x00001212        0x0 /usr/lib/gcc/msp430/4.5.3/mcpu-430x/mmpy-16/crt0ivtbl32.o
 .bss           0x00001212        0x0 hello-world.co
 .bss           0x00001212        0x4 obj_z1/contiki-z1-main.o
 .bss           0x00001216        0x0 contiki-z1.a(contiki-z1-plat)
 .bss           0x00001216        0x0 contiki-z1.a(msp430.o)
 .bss           0x00001216        0x1 contiki-z1.a(leds.o)
 *fill*         0x00001217        0x1 00
 .bss           0x00001218        0x2 contiki-z1.a(watchdog.o)
 .bss           0x0000121a        0x0 contiki-z1.a(xmem.o)
 .bss           0x0000121a        0x2 contiki-z1.a(spi.o)
                0x0000121a                spi_busy
 .bss           0x0000121c        0x8 contiki-z1.a(cc2420.o)
 .bss           0x00001224        0x0 contiki-z1.a(cc2420-arch.o)
 .bss           0x00001224        0x2 contiki-z1.a(node-id.o)
                0x00001224                node_id
 .bss           0x00001226        0x6 contiki-z1.a(sensors.o)
 .bss           0x0000122c        0x8 contiki-z1.a(button-sensor.o)
 .bss           0x00001234        0x4 contiki-z1.a(uart0.o)
 .bss           0x00001238        0x0 contiki-z1.a(uart0-putchar.o)
 .bss           0x00001238        0x2 contiki-z1.a(z1-phidgets.o)
 .bss           0x0000123a       0x16 contiki-z1.a(adxl345.o)
 .bss           0x00001250        0xa contiki-z1.a(clock.o)
 .bss           0x0000125a        0x0 contiki-z1.a(leds-arch.o)
 .bss           0x0000125a        0x0 contiki-z1.a(rtimer-arch.o)
 .bss           0x0000125a        0x0 contiki-z1.a(autostart.o)
 .bss           0x0000125a        0x4 contiki-z1.a(ctimer.o)
 .bss           0x0000125e        0x0 contiki-z1.a(energest.o)
 .bss           0x0000125e        0x6 contiki-z1.a(etimer.o)
 .bss           0x00001264       0x42 contiki-z1.a(process.o)
                0x00001264                process_list
                0x00001266                process_current
 .bss           0x000012a6        0x2 contiki-z1.a(rtimer.o)
 .bss           0x000012a8        0x0 contiki-z1.a(timer.o)
 .bss           0x000012a8        0x0 contiki-z1.a(list.o)
 .bss           0x000012a8       0xc0 contiki-z1.a(sicslowpan.o)
 .bss           0x00001368       0x10 contiki-z1.a(uip6.o)
                0x00001368                uip_ext_bitmap
                0x0000136a                uip_ext_len
                0x0000136c                uip_ext_opt_offset
 .bss           0x00001378       0x18 contiki-z1.a(uip-ds6.o)
 .bss           0x00001390      0x23a contiki-z1.a(uip-ds6-nbr.o)
 .bss           0x000015ca      0x29c contiki-z1.a(uip-ds6-route.o)
 .bss           0x00001866       0x14 contiki-z1.a(uip-icmp6.o)
 .bss           0x0000187a        0xa contiki-z1.a(uip-nd6.o)
 .bss           0x00001884       0x36 contiki-z1.a(tcpip.o)
 .bss           0x000018ba        0x0 contiki-z1.a(uip-debug.o)
 .bss           0x000018ba        0x2 contiki-z1.a(rpl.o)
 .bss           0x000018bc       0x78 contiki-z1.a(rpl-dag.o)
 .bss           0x00001934        0x0 contiki-z1.a(rpl-ext-header.)
 .bss           0x00001934        0x0 contiki-z1.a(rpl-icmp6.o)
 .bss           0x00001934        0x0 contiki-z1.a(rpl-mrhof.o)
 .bss           0x00001934       0x18 contiki-z1.a(rpl-timers.o)
 .bss           0x0000194c        0x0 contiki-z1.a(linkaddr.o)
 .bss           0x0000194c       0xda contiki-z1.a(nbr-table.o)
 .bss           0x00001a26       0xb8 contiki-z1.a(packetbuf.o)
 .bss           0x00001ade      0x356 contiki-z1.a(queuebuf.o)
 .bss           0x00001e34       0x8c contiki-z1.a(csma.o)
 .bss           0x00001ec0        0x2 contiki-z1.a(framer-802154.o)
 .bss           0x00001ec2        0x0 contiki-z1.a(framer.o)
 .bss           0x00001ec2        0x0 contiki-z1.a(mac.o)
 .bss           0x00001ec2       0x30 contiki-z1.a(contikimac.o)
 .bss           0x00001ef2        0x0 contiki-z1.a(nullsec.o)
 .bss           0x00001ef2        0x4 contiki-z1.a(i2cmaster.o)
                0x00001ef2                prescale_msb
 .bss           0x00001ef6        0x0 contiki-z1.a(stimer.o)
 .bss           0x00001ef6        0x0 contiki-z1.a(memb.o)
 .bss           0x00001ef6        0x0 contiki-z1.a(random.o)
 .bss           0x00001ef6        0x0 contiki-z1.a(frame802154.o)
 .bss           0x00001ef6       0xa0 contiki-z1.a(mac-sequence.o)
 .bss           0x00001f96        0x0 /usr/lib/gcc/msp430/4.5.3/mcpu-430x/mmpy-16/libgcc.a(_mulsi3.o)
 .bss           0x00001f96        0x0 /usr/lib/gcc/msp430/4.5.3/mcpu-430x/mmpy-16/libgcc.a(_udivmodhi4.o)
 .bss           0x00001f96        0x0 /usr/lib/gcc/msp430/4.5.3/mcpu-430x/mmpy-16/libgcc.a(_divmodhi4.o)
 .bss           0x00001f96        0x0 /usr/lib/gcc/msp430/4.5.3/mcpu-430x/mmpy-16/libgcc.a(_udivmodsi4.o)
 .bss           0x00001f96        0x0 /usr/lib/gcc/msp430/4.5.3/../../../../msp430/lib/mcpu-430x/mmpy-16/libc.a(strncmp.o)
 .bss           0x00001f96        0x0 /usr/lib/gcc/msp430/4.5.3/../../../../msp430/lib/mcpu-430x/mmpy-16/libc.a(memcmp.o)
 .bss           0x00001f96        0x0 /usr/lib/gcc/msp430/4.5.3/../../../../msp430/lib/mcpu-430x/mmpy-16/libc.a(memcpy.o)
 .bss           0x00001f96        0x0 /usr/lib/gcc/msp430/4.5.3/../../../../msp430/lib/mcpu-430x/mmpy-16/libc.a(memmove.o)
 .bss           0x00001f96        0x0 /usr/lib/gcc/msp430/4.5.3/../../../../msp430/lib/mcpu-430x/mmpy-16/libc.a(memset.o)
 .bss           0x00001f96        0x0 /usr/lib/gcc/msp430/4.5.3/../../../../msp430/lib/mcpu-430x/mmpy-16/libc.a(printf.o)
 .bss           0x00001f96        0x0 /usr/lib/gcc/msp430/4.5.3/../../../../msp430/lib/mcpu-430x/mmpy-16/libc.a(vuprintf.o)
 .bss           0x00001f96        0x0 /usr/lib/gcc/msp430/4.5.3/../../../../msp430/lib/mcpu-430x/mmpy-16/libc.a(puts.o)
 .bss           0x00001f96        0x0 /usr/lib/gcc/msp430/4.5.3/../../../../msp430/lib/mcpu-430x/mmpy-16/libc.a(rand.o)
 .bss           0x00001f96        0x0 /usr/lib/gcc/msp430/4.5.3/mcpu-430x/mmpy-16/libcrt0.a(_reset_vector__.o)
 .bss           0x00001f96        0x0 /usr/lib/gcc/msp430/4.5.3/mcpu-430x/mmpy-16/libcrt0.a(__init_stack.o)
 .bss           0x00001f96        0x0 /usr/lib/gcc/msp430/4.5.3/mcpu-430x/mmpy-16/libcrt0.a(__low_level_init.o)
 .bss           0x00001f96        0x0 /usr/lib/gcc/msp430/4.5.3/mcpu-430x/mmpy-16/libcrt0.a(_copy_data.o)
 .bss           0x00001f96        0x0 /usr/lib/gcc/msp430/4.5.3/mcpu-430x/mmpy-16/libcrt0.a(_clear_bss.o)
 .bss           0x00001f96        0x0 /usr/lib/gcc/msp430/4.5.3/mcpu-430x/mmpy-16/libcrt0.a(__stop_progExec__.o)
 .bss           0x00001f96        0x0 /usr/lib/gcc/msp430/4.5.3/mcpu-430x/mmpy-16/libcrt0.a(_endless_loop__.o)
 .bss           0x00001f96        0x0 /usr/lib/gcc/msp430/4.5.3/mcpu-430x/mmpy-16/libcrt0.a(_unexpected_.o)
 *(SORT(.bss.*))
 *(COMMON)
 COMMON         0x00001f96        0x2 obj_z1/contiki-z1-main.o
                0x00001f96                sensors_flags
 COMMON         0x00001f98       0x10 contiki-z1.a(cc2420.o)
                0x00001f98                cc2420_last_rssi
                0x00001f9a                cc2420_sfd_start_time
                0x00001f9c                cc2420_time_of_departure
                0x00001f9e                cc2420_time_of_arrival
                0x00001fa0                cc2420_last_correlation
                0x00001fa2                cc2420_authority_level_of_sender
                0x00001fa4                cc2420_sfd_counter
                0x00001fa6                cc2420_sfd_end_time
 COMMON         0x00001fa8        0x8 contiki-z1.a(node-id.o)
                0x00001fa8                node_mac
 COMMON         0x00001fb0        0x1 contiki-z1.a(sensors.o)
                0x00001fb0                sensors_event
 *fill*         0x00001fb1        0x1 00
 COMMON         0x00001fb2        0x7 contiki-z1.a(adxl345.o)
                0x00001fb2                accm_int2_cb
                0x00001fb4                int2_event
                0x00001fb6                accm_int1_cb
                0x00001fb8                int1_event
 *fill*         0x00001fb9        0x1 00
 COMMON         0x00001fba       0x56 contiki-z1.a(energest.o)
                0x00001fba                energest_total_time
                0x00001fea                energest_total_count
                0x00001fec                energest_current_mode
                0x00001ff8                energest_current_time
 COMMON         0x00002010        0x1 contiki-z1.a(process.o)
                0x00002010                process_maxevents
 *fill*         0x00002011        0x1 00
 COMMON         0x00002012        0x8 contiki-z1.a(sicslowpan.o)
                0x00002012                frag_sender
 COMMON         0x0000201a      0x2a0 contiki-z1.a(uip6.o)
                0x0000201a                uip_len
                0x0000201c                uip_sappdata
                0x0000201e                uip_acc32
                0x00002022                uip_lladdr
                0x0000202a                uip_aligned_buf
                0x000020b6                uip_flags
                0x000020b8                uip_next_hdr
                0x000020ba                uip_udp_conn
                0x000020bc                uip_appdata
                0x000020be                uip_conn
                0x000020c0                uip_conns
                0x00002170                uip_listenports
                0x00002180                uip_slen
                0x00002182                uip_udp_conns
 COMMON         0x000022ba      0x15c contiki-z1.a(uip-ds6.o)
                0x000022ba                uip_ds6_timer_ra
                0x000022c2                uip_ds6_if
                0x000023ae                uip_ds6_netif_addr_list_offset
                0x000023af                uip_ds6_addr_size
                0x000023b0                uip_ds6_prefix_list
                0x0000240a                uip_ds6_timer_periodic
 COMMON         0x00002416        0x1 contiki-z1.a(tcpip.o)
                0x00002416                tcpip_event
 *fill*         0x00002417        0x1 00
 COMMON         0x00002418       0xca contiki-z1.a(rpl-dag.o)
                0x00002418                default_instance
                0x0000241a                instance_table
 COMMON         0x000024e2        0x8 contiki-z1.a(linkaddr.o)
                0x000024e2                linkaddr_node_addr
 COMMON         0x000024ea       0x34 contiki-z1.a(packetbuf.o)
                0x000024ea                packetbuf_addrs
                0x000024fa                packetbuf_attrs
 COMMON         0x0000251e       0x10 contiki-z1.a(i2cmaster.o)
                0x0000251e                transmit_data1
                0x0000251f                rx_byte_ctr
                0x00002520                tx_buf_ptr
                0x00002522                tx_byte_ctr
                0x00002524                i
                0x00002526                receive_data
                0x00002528                rx_buf
                0x0000252a                transmit_data2
                0x0000252c                rx_buf_ptr
                0x0000252e                PROVIDE (__bss_end, .)
                0x0000252e                _end = .
                0x0000131c                PROVIDE (__bss_size, SIZEOF (.bss))

.noinit         0x0000252e        0x0 load address 0x0000edc2
                0x0000252e                PROVIDE (__noinit_start, .)
 *(.noinit)
 *(.noinit.*)
 *(COMMON)
                0x0000252e                PROVIDE (__noinit_end, .)
                0x0000252e                _end = .

.infomem        0x00001000        0x0
 *(.infomem)
                0x00001000                . = ALIGN (0x2)
 *(.infomem.*)

.infomemnobits  0x00001000        0x0
                0x00001000                . = ALIGN (0x2)
 *(.infomemnobits)
                0x00001000                . = ALIGN (0x2)
 *(.infomemnobits.*)

.vectors        0x0000ffc0       0x40
                0x0000ffc0                PROVIDE (__vectors_start, .)
 *(.vectors*)
 .vectors       0x0000ffc0       0x40 /usr/lib/gcc/msp430/4.5.3/mcpu-430x/mmpy-16/crt0ivtbl32.o
                0x0000ffc0                __ivtbl_32
                0x00010000                _vectors_end = .

.fartext        0x00010000        0x0
                0x00010000                . = ALIGN (0x2)
 *(.fartext)
                0x00010000                . = ALIGN (0x2)
 *(.fartext.*)
                0x00010000                _efartext = .

.profiler
 *(.profiler)

.stab
 *(.stab)

.stabstr
 *(.stabstr)

.stab.excl
 *(.stab.excl)

.stab.exclstr
 *(.stab.exclstr)

.stab.index
 *(.stab.index)

.stab.indexstr
 *(.stab.indexstr)

.comment
 *(.comment)

.debug
 *(.debug)

.line
 *(.line)

.debug_srcinfo
 *(.debug_srcinfo)

.debug_sfnames
 *(.debug_sfnames)

.debug_aranges  0x00000000      0x17c
 *(.debug_aranges)
 .debug_aranges
                0x00000000       0x14 /usr/lib/gcc/msp430/4.5.3/mcpu-430x/mmpy-16/libgcc.a(_mulsi3.o)
 .debug_aranges
                0x00000014       0x14 /usr/lib/gcc/msp430/4.5.3/mcpu-430x/mmpy-16/libgcc.a(_udivmodhi4.o)
 .debug_aranges
                0x00000028       0x14 /usr/lib/gcc/msp430/4.5.3/mcpu-430x/mmpy-16/libgcc.a(_divmodhi4.o)
 .debug_aranges
                0x0000003c       0x14 /usr/lib/gcc/msp430/4.5.3/mcpu-430x/mmpy-16/libgcc.a(_udivmodsi4.o)
 .debug_aranges
                0x00000050       0x14 /usr/lib/gcc/msp430/4.5.3/../../../../msp430/lib/mcpu-430x/mmpy-16/libc.a(strncmp.o)
 .debug_aranges
                0x00000064       0x14 /usr/lib/gcc/msp430/4.5.3/../../../../msp430/lib/mcpu-430x/mmpy-16/libc.a(memcmp.o)
 .debug_aranges
                0x00000078       0x14 /usr/lib/gcc/msp430/4.5.3/../../../../msp430/lib/mcpu-430x/mmpy-16/libc.a(memcpy.o)
 .debug_aranges
                0x0000008c       0x14 /usr/lib/gcc/msp430/4.5.3/../../../../msp430/lib/mcpu-430x/mmpy-16/libc.a(memmove.o)
 .debug_aranges
                0x000000a0       0x14 /usr/lib/gcc/msp430/4.5.3/../../../../msp430/lib/mcpu-430x/mmpy-16/libc.a(memset.o)
 .debug_aranges
                0x000000b4       0x14 /usr/lib/gcc/msp430/4.5.3/../../../../msp430/lib/mcpu-430x/mmpy-16/libc.a(printf.o)
 .debug_aranges
                0x000000c8       0x14 /usr/lib/gcc/msp430/4.5.3/../../../../msp430/lib/mcpu-430x/mmpy-16/libc.a(vuprintf.o)
 .debug_aranges
                0x000000dc       0x14 /usr/lib/gcc/msp430/4.5.3/../../../../msp430/lib/mcpu-430x/mmpy-16/libc.a(puts.o)
 .debug_aranges
                0x000000f0       0x14 /usr/lib/gcc/msp430/4.5.3/../../../../msp430/lib/mcpu-430x/mmpy-16/libc.a(rand.o)
 .debug_aranges
                0x00000104       0x14 /usr/lib/gcc/msp430/4.5.3/mcpu-430x/mmpy-16/libcrt0.a(__init_stack.o)
 .debug_aranges
                0x00000118       0x14 /usr/lib/gcc/msp430/4.5.3/mcpu-430x/mmpy-16/libcrt0.a(__low_level_init.o)
 .debug_aranges
                0x0000012c       0x14 /usr/lib/gcc/msp430/4.5.3/mcpu-430x/mmpy-16/libcrt0.a(_copy_data.o)
 .debug_aranges
                0x00000140       0x14 /usr/lib/gcc/msp430/4.5.3/mcpu-430x/mmpy-16/libcrt0.a(_clear_bss.o)
 .debug_aranges
                0x00000154       0x14 /usr/lib/gcc/msp430/4.5.3/mcpu-430x/mmpy-16/libcrt0.a(_endless_loop__.o)
 .debug_aranges
                0x00000168       0x14 /usr/lib/gcc/msp430/4.5.3/mcpu-430x/mmpy-16/libcrt0.a(_unexpected_.o)

.debug_pubnames
                0x00000000      0x126
 *(.debug_pubnames)
 .debug_pubnames
                0x00000000       0x1e /usr/lib/gcc/msp430/4.5.3/../../../../msp430/lib/mcpu-430x/mmpy-16/libc.a(strncmp.o)
 .debug_pubnames
                0x0000001e       0x1d /usr/lib/gcc/msp430/4.5.3/../../../../msp430/lib/mcpu-430x/mmpy-16/libc.a(memcmp.o)
 .debug_pubnames
                0x0000003b       0x1d /usr/lib/gcc/msp430/4.5.3/../../../../msp430/lib/mcpu-430x/mmpy-16/libc.a(memcpy.o)
 .debug_pubnames
                0x00000058       0x1e /usr/lib/gcc/msp430/4.5.3/../../../../msp430/lib/mcpu-430x/mmpy-16/libc.a(memmove.o)
 .debug_pubnames
                0x00000076       0x1d /usr/lib/gcc/msp430/4.5.3/../../../../msp430/lib/mcpu-430x/mmpy-16/libc.a(memset.o)
 .debug_pubnames
                0x00000093       0x29 /usr/lib/gcc/msp430/4.5.3/../../../../msp430/lib/mcpu-430x/mmpy-16/libc.a(printf.o)
 .debug_pubnames
                0x000000bc       0x1f /usr/lib/gcc/msp430/4.5.3/../../../../msp430/lib/mcpu-430x/mmpy-16/libc.a(vuprintf.o)
 .debug_pubnames
                0x000000db       0x1b /usr/lib/gcc/msp430/4.5.3/../../../../msp430/lib/mcpu-430x/mmpy-16/libc.a(puts.o)
 .debug_pubnames
                0x000000f6       0x30 /usr/lib/gcc/msp430/4.5.3/../../../../msp430/lib/mcpu-430x/mmpy-16/libc.a(rand.o)

.debug_info     0x00000000     0x1322
 *(.debug_info)
 .debug_info    0x00000000       0xe1 /usr/lib/gcc/msp430/4.5.3/mcpu-430x/mmpy-16/libgcc.a(_mulsi3.o)
 .debug_info    0x000000e1       0xe1 /usr/lib/gcc/msp430/4.5.3/mcpu-430x/mmpy-16/libgcc.a(_udivmodhi4.o)
 .debug_info    0x000001c2       0xe1 /usr/lib/gcc/msp430/4.5.3/mcpu-430x/mmpy-16/libgcc.a(_divmodhi4.o)
 .debug_info    0x000002a3       0xe1 /usr/lib/gcc/msp430/4.5.3/mcpu-430x/mmpy-16/libgcc.a(_udivmodsi4.o)
 .debug_info    0x00000384       0xbd /usr/lib/gcc/msp430/4.5.3/../../../../msp430/lib/mcpu-430x/mmpy-16/libc.a(strncmp.o)
 .debug_info    0x00000441       0xe2 /usr/lib/gcc/msp430/4.5.3/../../../../msp430/lib/mcpu-430x/mmpy-16/libc.a(memcmp.o)
 .debug_info    0x00000523      0x113 /usr/lib/gcc/msp430/4.5.3/../../../../msp430/lib/mcpu-430x/mmpy-16/libc.a(memcpy.o)
 .debug_info    0x00000636      0x113 /usr/lib/gcc/msp430/4.5.3/../../../../msp430/lib/mcpu-430x/mmpy-16/libc.a(memmove.o)
 .debug_info    0x00000749       0xfe /usr/lib/gcc/msp430/4.5.3/../../../../msp430/lib/mcpu-430x/mmpy-16/libc.a(memset.o)
 .debug_info    0x00000847      0x103 /usr/lib/gcc/msp430/4.5.3/../../../../msp430/lib/mcpu-430x/mmpy-16/libc.a(printf.o)
 .debug_info    0x0000094a      0x3b5 /usr/lib/gcc/msp430/4.5.3/../../../../msp430/lib/mcpu-430x/mmpy-16/libc.a(vuprintf.o)
 .debug_info    0x00000cff       0x96 /usr/lib/gcc/msp430/4.5.3/../../../../msp430/lib/mcpu-430x/mmpy-16/libc.a(puts.o)
 .debug_info    0x00000d95      0x137 /usr/lib/gcc/msp430/4.5.3/../../../../msp430/lib/mcpu-430x/mmpy-16/libc.a(rand.o)
 .debug_info    0x00000ecc       0xb9 /usr/lib/gcc/msp430/4.5.3/mcpu-430x/mmpy-16/libcrt0.a(__init_stack.o)
 .debug_info    0x00000f85       0xb9 /usr/lib/gcc/msp430/4.5.3/mcpu-430x/mmpy-16/libcrt0.a(__low_level_init.o)
 .debug_info    0x0000103e       0xb9 /usr/lib/gcc/msp430/4.5.3/mcpu-430x/mmpy-16/libcrt0.a(_copy_data.o)
 .debug_info    0x000010f7       0xb9 /usr/lib/gcc/msp430/4.5.3/mcpu-430x/mmpy-16/libcrt0.a(_clear_bss.o)
 .debug_info    0x000011b0       0xb9 /usr/lib/gcc/msp430/4.5.3/mcpu-430x/mmpy-16/libcrt0.a(_endless_loop__.o)
 .debug_info    0x00001269       0xb9 /usr/lib/gcc/msp430/4.5.3/mcpu-430x/mmpy-16/libcrt0.a(_unexpected_.o)
 *(.gnu.linkonce.wi.*)

.debug_abbrev   0x00000000      0x74f
 *(.debug_abbrev)
 .debug_abbrev  0x00000000       0x14 /usr/lib/gcc/msp430/4.5.3/mcpu-430x/mmpy-16/libgcc.a(_mulsi3.o)
 .debug_abbrev  0x00000014       0x14 /usr/lib/gcc/msp430/4.5.3/mcpu-430x/mmpy-16/libgcc.a(_udivmodhi4.o)
 .debug_abbrev  0x00000028       0x14 /usr/lib/gcc/msp430/4.5.3/mcpu-430x/mmpy-16/libgcc.a(_divmodhi4.o)
 .debug_abbrev  0x0000003c       0x14 /usr/lib/gcc/msp430/4.5.3/mcpu-430x/mmpy-16/libgcc.a(_udivmodsi4.o)
 .debug_abbrev  0x00000050       0x6d /usr/lib/gcc/msp430/4.5.3/../../../../msp430/lib/mcpu-430x/mmpy-16/libc.a(strncmp.o)
 .debug_abbrev  0x000000bd       0x8a /usr/lib/gcc/msp430/4.5.3/../../../../msp430/lib/mcpu-430x/mmpy-16/libc.a(memcmp.o)
 .debug_abbrev  0x00000147       0x97 /usr/lib/gcc/msp430/4.5.3/../../../../msp430/lib/mcpu-430x/mmpy-16/libc.a(memcpy.o)
 .debug_abbrev  0x000001de       0x97 /usr/lib/gcc/msp430/4.5.3/../../../../msp430/lib/mcpu-430x/mmpy-16/libc.a(memmove.o)
 .debug_abbrev  0x00000275       0x8d /usr/lib/gcc/msp430/4.5.3/../../../../msp430/lib/mcpu-430x/mmpy-16/libc.a(memset.o)
 .debug_abbrev  0x00000302       0xce /usr/lib/gcc/msp430/4.5.3/../../../../msp430/lib/mcpu-430x/mmpy-16/libc.a(printf.o)
 .debug_abbrev  0x000003d0      0x1cb /usr/lib/gcc/msp430/4.5.3/../../../../msp430/lib/mcpu-430x/mmpy-16/libc.a(vuprintf.o)
 .debug_abbrev  0x0000059b       0x60 /usr/lib/gcc/msp430/4.5.3/../../../../msp430/lib/mcpu-430x/mmpy-16/libc.a(puts.o)
 .debug_abbrev  0x000005fb       0xdc /usr/lib/gcc/msp430/4.5.3/../../../../msp430/lib/mcpu-430x/mmpy-16/libc.a(rand.o)
 .debug_abbrev  0x000006d7       0x14 /usr/lib/gcc/msp430/4.5.3/mcpu-430x/mmpy-16/libcrt0.a(__init_stack.o)
 .debug_abbrev  0x000006eb       0x14 /usr/lib/gcc/msp430/4.5.3/mcpu-430x/mmpy-16/libcrt0.a(__low_level_init.o)
 .debug_abbrev  0x000006ff       0x14 /usr/lib/gcc/msp430/4.5.3/mcpu-430x/mmpy-16/libcrt0.a(_copy_data.o)
 .debug_abbrev  0x00000713       0x14 /usr/lib/gcc/msp430/4.5.3/mcpu-430x/mmpy-16/libcrt0.a(_clear_bss.o)
 .debug_abbrev  0x00000727       0x14 /usr/lib/gcc/msp430/4.5.3/mcpu-430x/mmpy-16/libcrt0.a(_endless_loop__.o)
 .debug_abbrev  0x0000073b       0x14 /usr/lib/gcc/msp430/4.5.3/mcpu-430x/mmpy-16/libcrt0.a(_unexpected_.o)

.debug_line     0x00000000      0xbd6
 *(.debug_line)
 .debug_line    0x00000000       0x9d /usr/lib/gcc/msp430/4.5.3/mcpu-430x/mmpy-16/libgcc.a(_mulsi3.o)
 .debug_line    0x0000009d       0x9a /usr/lib/gcc/msp430/4.5.3/mcpu-430x/mmpy-16/libgcc.a(_udivmodhi4.o)
 .debug_line    0x00000137       0xa5 /usr/lib/gcc/msp430/4.5.3/mcpu-430x/mmpy-16/libgcc.a(_divmodhi4.o)
 .debug_line    0x000001dc       0xa1 /usr/lib/gcc/msp430/4.5.3/mcpu-430x/mmpy-16/libgcc.a(_udivmodsi4.o)
 .debug_line    0x0000027d       0x76 /usr/lib/gcc/msp430/4.5.3/../../../../msp430/lib/mcpu-430x/mmpy-16/libc.a(strncmp.o)
 .debug_line    0x000002f3       0x7c /usr/lib/gcc/msp430/4.5.3/../../../../msp430/lib/mcpu-430x/mmpy-16/libc.a(memcmp.o)
 .debug_line    0x0000036f       0xf3 /usr/lib/gcc/msp430/4.5.3/../../../../msp430/lib/mcpu-430x/mmpy-16/libc.a(memcpy.o)
 .debug_line    0x00000462       0xf3 /usr/lib/gcc/msp430/4.5.3/../../../../msp430/lib/mcpu-430x/mmpy-16/libc.a(memmove.o)
 .debug_line    0x00000555       0xbd /usr/lib/gcc/msp430/4.5.3/../../../../msp430/lib/mcpu-430x/mmpy-16/libc.a(memset.o)
 .debug_line    0x00000612       0x72 /usr/lib/gcc/msp430/4.5.3/../../../../msp430/lib/mcpu-430x/mmpy-16/libc.a(printf.o)
 .debug_line    0x00000684      0x198 /usr/lib/gcc/msp430/4.5.3/../../../../msp430/lib/mcpu-430x/mmpy-16/libc.a(vuprintf.o)
 .debug_line    0x0000081c       0x4d /usr/lib/gcc/msp430/4.5.3/../../../../msp430/lib/mcpu-430x/mmpy-16/libc.a(puts.o)
 .debug_line    0x00000869       0x52 /usr/lib/gcc/msp430/4.5.3/../../../../msp430/lib/mcpu-430x/mmpy-16/libc.a(rand.o)
 .debug_line    0x000008bb       0x82 /usr/lib/gcc/msp430/4.5.3/mcpu-430x/mmpy-16/libcrt0.a(__init_stack.o)
 .debug_line    0x0000093d       0x84 /usr/lib/gcc/msp430/4.5.3/mcpu-430x/mmpy-16/libcrt0.a(__low_level_init.o)
 .debug_line    0x000009c1       0x88 /usr/lib/gcc/msp430/4.5.3/mcpu-430x/mmpy-16/libcrt0.a(_copy_data.o)
 .debug_line    0x00000a49       0x88 /usr/lib/gcc/msp430/4.5.3/mcpu-430x/mmpy-16/libcrt0.a(_clear_bss.o)
 .debug_line    0x00000ad1       0x83 /usr/lib/gcc/msp430/4.5.3/mcpu-430x/mmpy-16/libcrt0.a(_endless_loop__.o)
 .debug_line    0x00000b54       0x82 /usr/lib/gcc/msp430/4.5.3/mcpu-430x/mmpy-16/libcrt0.a(_unexpected_.o)

.debug_frame    0x00000000      0x202
 *(.debug_frame)
 .debug_frame   0x00000000       0x24 /usr/lib/gcc/msp430/4.5.3/../../../../msp430/lib/mcpu-430x/mmpy-16/libc.a(strncmp.o)
 .debug_frame   0x00000024       0x28 /usr/lib/gcc/msp430/4.5.3/../../../../msp430/lib/mcpu-430x/mmpy-16/libc.a(memcmp.o)
 .debug_frame   0x0000004c       0x32 /usr/lib/gcc/msp430/4.5.3/../../../../msp430/lib/mcpu-430x/mmpy-16/libc.a(memcpy.o)
 .debug_frame   0x0000007e       0x32 /usr/lib/gcc/msp430/4.5.3/../../../../msp430/lib/mcpu-430x/mmpy-16/libc.a(memmove.o)
 .debug_frame   0x000000b0       0x32 /usr/lib/gcc/msp430/4.5.3/../../../../msp430/lib/mcpu-430x/mmpy-16/libc.a(memset.o)
 .debug_frame   0x000000e2       0x2a /usr/lib/gcc/msp430/4.5.3/../../../../msp430/lib/mcpu-430x/mmpy-16/libc.a(printf.o)
 .debug_frame   0x0000010c       0x82 /usr/lib/gcc/msp430/4.5.3/../../../../msp430/lib/mcpu-430x/mmpy-16/libc.a(vuprintf.o)
 .debug_frame   0x0000018e       0x24 /usr/lib/gcc/msp430/4.5.3/../../../../msp430/lib/mcpu-430x/mmpy-16/libc.a(puts.o)
 .debug_frame   0x000001b2       0x50 /usr/lib/gcc/msp430/4.5.3/../../../../msp430/lib/mcpu-430x/mmpy-16/libc.a(rand.o)

.debug_str      0x00000000      0x317
 *(.debug_str)
 .debug_str     0x00000000       0x9b /usr/lib/gcc/msp430/4.5.3/../../../../msp430/lib/mcpu-430x/mmpy-16/libc.a(strncmp.o)
                                 0xd4 (size before relaxing)
 .debug_str     0x0000009b       0x19 /usr/lib/gcc/msp430/4.5.3/../../../../msp430/lib/mcpu-430x/mmpy-16/libc.a(memcmp.o)
                                 0xd2 (size before relaxing)
 .debug_str     0x000000b4       0x34 /usr/lib/gcc/msp430/4.5.3/../../../../msp430/lib/mcpu-430x/mmpy-16/libc.a(memcpy.o)
                                 0xed (size before relaxing)
 .debug_str     0x000000e8       0x1b /usr/lib/gcc/msp430/4.5.3/../../../../msp430/lib/mcpu-430x/mmpy-16/libc.a(memmove.o)
                                 0xef (size before relaxing)
 .debug_str     0x00000103       0x26 /usr/lib/gcc/msp430/4.5.3/../../../../msp430/lib/mcpu-430x/mmpy-16/libc.a(memset.o)
                                 0xeb (size before relaxing)
 .debug_str     0x00000129       0x40 /usr/lib/gcc/msp430/4.5.3/../../../../msp430/lib/mcpu-430x/mmpy-16/libc.a(printf.o)
                                0x101 (size before relaxing)
 .debug_str     0x00000169      0x16a /usr/lib/gcc/msp430/4.5.3/../../../../msp430/lib/mcpu-430x/mmpy-16/libc.a(vuprintf.o)
                                0x25d (size before relaxing)
 .debug_str     0x000002d3       0x15 /usr/lib/gcc/msp430/4.5.3/../../../../msp430/lib/mcpu-430x/mmpy-16/libc.a(puts.o)
                                 0xc7 (size before relaxing)
 .debug_str     0x000002e8       0x2f /usr/lib/gcc/msp430/4.5.3/../../../../msp430/lib/mcpu-430x/mmpy-16/libc.a(rand.o)
                                 0xe6 (size before relaxing)

.debug_loc      0x00000000      0xa92
 *(.debug_loc)
 .debug_loc     0x00000000       0x63 /usr/lib/gcc/msp430/4.5.3/../../../../msp430/lib/mcpu-430x/mmpy-16/libc.a(strncmp.o)
 .debug_loc     0x00000063       0x59 /usr/lib/gcc/msp430/4.5.3/../../../../msp430/lib/mcpu-430x/mmpy-16/libc.a(memcmp.o)
 .debug_loc     0x000000bc      0x1d6 /usr/lib/gcc/msp430/4.5.3/../../../../msp430/lib/mcpu-430x/mmpy-16/libc.a(memcpy.o)
 .debug_loc     0x00000292      0x1d6 /usr/lib/gcc/msp430/4.5.3/../../../../msp430/lib/mcpu-430x/mmpy-16/libc.a(memmove.o)
 .debug_loc     0x00000468       0xeb /usr/lib/gcc/msp430/4.5.3/../../../../msp430/lib/mcpu-430x/mmpy-16/libc.a(memset.o)
 .debug_loc     0x00000553       0x24 /usr/lib/gcc/msp430/4.5.3/../../../../msp430/lib/mcpu-430x/mmpy-16/libc.a(printf.o)
 .debug_loc     0x00000577      0x49c /usr/lib/gcc/msp430/4.5.3/../../../../msp430/lib/mcpu-430x/mmpy-16/libc.a(vuprintf.o)
 .debug_loc     0x00000a13       0x2d /usr/lib/gcc/msp430/4.5.3/../../../../msp430/lib/mcpu-430x/mmpy-16/libc.a(puts.o)
 .debug_loc     0x00000a40       0x52 /usr/lib/gcc/msp430/4.5.3/../../../../msp430/lib/mcpu-430x/mmpy-16/libc.a(rand.o)

.debug_macinfo
 *(.debug_macinfo)

.debug_pubtypes
                0x00000000      0x163
 *(.debug_pubtypes)
 .debug_pubtypes
                0x00000000       0x1d /usr/lib/gcc/msp430/4.5.3/../../../../msp430/lib/mcpu-430x/mmpy-16/libc.a(strncmp.o)
 .debug_pubtypes
                0x0000001d       0x1d /usr/lib/gcc/msp430/4.5.3/../../../../msp430/lib/mcpu-430x/mmpy-16/libc.a(memcmp.o)
 .debug_pubtypes
                0x0000003a       0x26 /usr/lib/gcc/msp430/4.5.3/../../../../msp430/lib/mcpu-430x/mmpy-16/libc.a(memcpy.o)
 .debug_pubtypes
                0x00000060       0x26 /usr/lib/gcc/msp430/4.5.3/../../../../msp430/lib/mcpu-430x/mmpy-16/libc.a(memmove.o)
 .debug_pubtypes
                0x00000086       0x32 /usr/lib/gcc/msp430/4.5.3/../../../../msp430/lib/mcpu-430x/mmpy-16/libc.a(memset.o)
 .debug_pubtypes
                0x000000b8       0x31 /usr/lib/gcc/msp430/4.5.3/../../../../msp430/lib/mcpu-430x/mmpy-16/libc.a(printf.o)
 .debug_pubtypes
                0x000000e9       0x56 /usr/lib/gcc/msp430/4.5.3/../../../../msp430/lib/mcpu-430x/mmpy-16/libc.a(vuprintf.o)
 .debug_pubtypes
                0x0000013f       0x12 /usr/lib/gcc/msp430/4.5.3/../../../../msp430/lib/mcpu-430x/mmpy-16/libc.a(puts.o)
 .debug_pubtypes
                0x00000151       0x12 /usr/lib/gcc/msp430/4.5.3/../../../../msp430/lib/mcpu-430x/mmpy-16/libc.a(rand.o)

.debug_ranges   0x00000000        0xc
 *(.debug_ranges)
 .debug_ranges  0x00000000        0xc /usr/lib/gcc/msp430/4.5.3/../../../../msp430/lib/mcpu-430x/mmpy-16/libc.a(vuprintf.o)
                0x00003100                PROVIDE (__stack, (ORIGIN (ram) + 0x2000))
                0x0000ecb0                PROVIDE (__data_start_rom, _etext)
                0x0000edc2                PROVIDE (__data_end_rom, (_etext + SIZEOF (.data)))
OUTPUT(hello-world.z1 elf32-msp430)
