Archive member included because of file (symbol)

contiki-z1.a(contiki-z1-plat)
                              obj_z1/contiki-z1-main.o (init_platform)
contiki-z1.a(msp430.o)        obj_z1/contiki-z1-main.o (splhigh_)
contiki-z1.a(leds.o)          obj_z1/contiki-z1-main.o (leds_init)
contiki-z1.a(watchdog.o)      obj_z1/contiki-z1-main.o (watchdog_start)
contiki-z1.a(xmem.o)          obj_z1/contiki-z1-main.o (xmem_init)
contiki-z1.a(spi.o)           contiki-z1.a(xmem.o) (spi_init)
contiki-z1.a(cc2420.o)        obj_z1/contiki-z1-main.o (cc2420_set_pan_addr)
contiki-z1.a(cc2420-arch.o)   contiki-z1.a(cc2420.o) (cc2420_arch_init)
contiki-z1.a(node-id.o)       obj_z1/contiki-z1-main.o (node_id_restore)
contiki-z1.a(sensors.o)       contiki-z1.a(contiki-z1-plat) (sensors_process)
contiki-z1.a(button-sensor.o)
                              obj_z1/contiki-z1-main.o (button_sensor)
contiki-z1.a(uart0.o)         obj_z1/contiki-z1-main.o (uart0_active)
contiki-z1.a(uart0-putchar.o)
                              obj_z1/contiki-z1-main.o (putchar)
contiki-z1.a(relay-phidget.o)
                              test-relay-phidget.co (relay_enable)
contiki-z1.a(adxl345.o)       obj_z1/contiki-z1-main.o (accm_init)
contiki-z1.a(clock.o)         obj_z1/contiki-z1-main.o (clock_init)
contiki-z1.a(leds-arch.o)     contiki-z1.a(leds.o) (leds_arch_init)
contiki-z1.a(rtimer-arch.o)   obj_z1/contiki-z1-main.o (rtimer_arch_now)
contiki-z1.a(autostart.o)     obj_z1/contiki-z1-main.o (autostart_start)
contiki-z1.a(ctimer.o)        obj_z1/contiki-z1-main.o (ctimer_init)
contiki-z1.a(energest.o)      obj_z1/contiki-z1-main.o (energest_init)
contiki-z1.a(etimer.o)        contiki-z1.a(clock.o) (etimer_request_poll)
contiki-z1.a(process.o)       contiki-z1.a(ctimer.o) (process_current)
contiki-z1.a(rtimer.o)        obj_z1/contiki-z1-main.o (rtimer_init)
contiki-z1.a(timer.o)         contiki-z1.a(button-sensor.o) (timer_set)
contiki-z1.a(serial-line.o)   obj_z1/contiki-z1-main.o (serial_line_input_byte)
contiki-z1.a(list.o)          contiki-z1.a(ctimer.o) (list_init)
contiki-z1.a(ringbuf.o)       contiki-z1.a(serial-line.o) (ringbuf_init)
contiki-z1.a(rime.o)          obj_z1/contiki-z1-main.o (rime_driver)
contiki-z1.a(linkaddr.o)      obj_z1/contiki-z1-main.o (linkaddr_copy)
contiki-z1.a(packetbuf.o)     contiki-z1.a(cc2420.o) (packetbuf_set_datalen)
contiki-z1.a(queuebuf.o)      contiki-z1.a(rime.o) (queuebuf_init)
contiki-z1.a(csma.o)          obj_z1/contiki-z1-main.o (csma_driver)
contiki-z1.a(mac.o)           contiki-z1.a(csma.o) (mac_call_sent_callback)
contiki-z1.a(contikimac.o)    obj_z1/contiki-z1-main.o (contikimac_driver)
contiki-z1.a(contikimac-fram)
                              contiki-z1.a(contikimac.o) (contikimac_framer)
contiki-z1.a(nullsec.o)       contiki-z1.a(rime.o) (nullsec_driver)
contiki-z1.a(i2cmaster.o)     contiki-z1.a(adxl345.o) (i2c_receiveinit)
contiki-z1.a(compower.o)      contiki-z1.a(contikimac.o) (compower_idle_activity)
contiki-z1.a(memb.o)          contiki-z1.a(queuebuf.o) (memb_init)
contiki-z1.a(random.o)        contiki-z1.a(csma.o) (random_rand)
contiki-z1.a(abc.o)           contiki-z1.a(rime.o) (abc_input)
contiki-z1.a(announcement.o)  contiki-z1.a(rime.o) (announcement_init)
contiki-z1.a(broadcast-annou)
                              contiki-z1.a(rime.o) (broadcast_announcement_init)
contiki-z1.a(broadcast.o)     contiki-z1.a(broadcast-annou) (broadcast_open)
contiki-z1.a(chameleon.o)     contiki-z1.a(rime.o) (chameleon_init)
contiki-z1.a(channel.o)       contiki-z1.a(chameleon.o) (channel_init)
contiki-z1.a(framer-802154.o)
                              contiki-z1.a(contikimac-fram) (framer_802154)
contiki-z1.a(framer.o)        contiki-z1.a(framer-802154.o) (framer_canonical_create_and_secure)
contiki-z1.a(mac-sequence.o)  contiki-z1.a(contikimac.o) (mac_sequence_is_duplicate)
contiki-z1.a(chameleon-bitop)
                              contiki-z1.a(chameleon.o) (chameleon_bitopt)
contiki-z1.a(frame802154.o)   contiki-z1.a(framer-802154.o) (frame802154_hdrlen)
/usr/lib/gcc/msp430/4.5.3/mcpu-430x/mmpy-16/libgcc.a(_mulsi3.o)
                              contiki-z1.a(csma.o) (__mulsi3)
/usr/lib/gcc/msp430/4.5.3/mcpu-430x/mmpy-16/libgcc.a(_udivmodsi4.o)
                              obj_z1/contiki-z1-main.o (__udivmodsi4)
/usr/lib/gcc/msp430/4.5.3/../../../../msp430/lib/mcpu-430x/mmpy-16/libc.a(strncmp.o)
                              contiki-z1.a(sensors.o) (strncmp)
/usr/lib/gcc/msp430/4.5.3/../../../../msp430/lib/mcpu-430x/mmpy-16/libc.a(memcmp.o)
                              contiki-z1.a(linkaddr.o) (memcmp)
/usr/lib/gcc/msp430/4.5.3/../../../../msp430/lib/mcpu-430x/mmpy-16/libc.a(memcpy.o)
                              contiki-z1.a(node-id.o) (memcpy)
/usr/lib/gcc/msp430/4.5.3/../../../../msp430/lib/mcpu-430x/mmpy-16/libc.a(memset.o)
                              obj_z1/contiki-z1-main.o (memset)
/usr/lib/gcc/msp430/4.5.3/../../../../msp430/lib/mcpu-430x/mmpy-16/libc.a(printf.o)
                              test-relay-phidget.co (printf)
/usr/lib/gcc/msp430/4.5.3/../../../../msp430/lib/mcpu-430x/mmpy-16/libc.a(vuprintf.o)
                              /usr/lib/gcc/msp430/4.5.3/../../../../msp430/lib/mcpu-430x/mmpy-16/libc.a(printf.o) (vuprintf)
/usr/lib/gcc/msp430/4.5.3/../../../../msp430/lib/mcpu-430x/mmpy-16/libc.a(puts.o)
                              obj_z1/contiki-z1-main.o (puts)
/usr/lib/gcc/msp430/4.5.3/../../../../msp430/lib/mcpu-430x/mmpy-16/libc.a(rand.o)
                              contiki-z1.a(random.o) (rand)
/usr/lib/gcc/msp430/4.5.3/mcpu-430x/mmpy-16/libcrt0.a(_reset_vector__.o)
                              /usr/lib/gcc/msp430/4.5.3/mcpu-430x/mmpy-16/crt0ivtbl32.o (_reset_vector__)
/usr/lib/gcc/msp430/4.5.3/mcpu-430x/mmpy-16/libcrt0.a(__init_stack.o)
                              /usr/lib/gcc/msp430/4.5.3/mcpu-430x/mmpy-16/libcrt0.a(_reset_vector__.o) (__init_stack)
/usr/lib/gcc/msp430/4.5.3/mcpu-430x/mmpy-16/libcrt0.a(__low_level_init.o)
                              /usr/lib/gcc/msp430/4.5.3/mcpu-430x/mmpy-16/libcrt0.a(_reset_vector__.o) (__low_level_init)
/usr/lib/gcc/msp430/4.5.3/mcpu-430x/mmpy-16/libcrt0.a(_copy_data.o)
                              /usr/lib/gcc/msp430/4.5.3/mcpu-430x/mmpy-16/libcrt0.a(_reset_vector__.o) (__do_copy_data)
/usr/lib/gcc/msp430/4.5.3/mcpu-430x/mmpy-16/libcrt0.a(_clear_bss.o)
                              /usr/lib/gcc/msp430/4.5.3/mcpu-430x/mmpy-16/libcrt0.a(_reset_vector__.o) (__do_clear_bss)
/usr/lib/gcc/msp430/4.5.3/mcpu-430x/mmpy-16/libcrt0.a(__stop_progExec__.o)
                              /usr/lib/gcc/msp430/4.5.3/mcpu-430x/mmpy-16/libcrt0.a(_reset_vector__.o) (__stop_progExec__)
/usr/lib/gcc/msp430/4.5.3/mcpu-430x/mmpy-16/libcrt0.a(_endless_loop__.o)
                              /usr/lib/gcc/msp430/4.5.3/mcpu-430x/mmpy-16/libcrt0.a(_reset_vector__.o) (_endless_loop__)
/usr/lib/gcc/msp430/4.5.3/mcpu-430x/mmpy-16/libcrt0.a(_unexpected_.o)
                              /usr/lib/gcc/msp430/4.5.3/mcpu-430x/mmpy-16/crt0ivtbl32.o (_unexpected_)

Allocating common symbols
Common symbol       size              file

compower_idle_activity
                    0x8               contiki-z1.a(compower.o)
energest_total_time
                    0x30              contiki-z1.a(energest.o)
cc2420_last_rssi    0x1               contiki-z1.a(cc2420.o)
accm_int2_cb        0x2               contiki-z1.a(adxl345.o)
energest_total_count
                    0x2               contiki-z1.a(energest.o)
cc2420_sfd_start_time
                    0x2               contiki-z1.a(cc2420.o)
cc2420_time_of_departure
                    0x2               contiki-z1.a(cc2420.o)
cc2420_time_of_arrival
                    0x2               contiki-z1.a(cc2420.o)
energest_current_mode
                    0xc               contiki-z1.a(energest.o)
packetbuf_addrs     0x8               contiki-z1.a(packetbuf.o)
process_maxevents   0x1               contiki-z1.a(process.o)
transmit_data1      0x1               contiki-z1.a(i2cmaster.o)
rx_byte_ctr         0x1               contiki-z1.a(i2cmaster.o)
int2_event          0x1               contiki-z1.a(adxl345.o)
tx_buf_ptr          0x2               contiki-z1.a(i2cmaster.o)
tx_byte_ctr         0x1               contiki-z1.a(i2cmaster.o)
cc2420_last_correlation
                    0x1               contiki-z1.a(cc2420.o)
linkaddr_node_addr  0x2               contiki-z1.a(linkaddr.o)
accm_int1_cb        0x2               contiki-z1.a(adxl345.o)
cc2420_authority_level_of_sender
                    0x2               contiki-z1.a(cc2420.o)
i                   0x2               contiki-z1.a(i2cmaster.o)
packetbuf_attrs     0x34              contiki-z1.a(packetbuf.o)
receive_data        0x1               contiki-z1.a(i2cmaster.o)
cc2420_sfd_counter  0x1               contiki-z1.a(cc2420.o)
rx_buf              0x2               contiki-z1.a(i2cmaster.o)
node_mac            0x8               contiki-z1.a(node-id.o)
transmit_data2      0x1               contiki-z1.a(i2cmaster.o)
energest_current_time
                    0x18              contiki-z1.a(energest.o)
rx_buf_ptr          0x2               contiki-z1.a(i2cmaster.o)
sensors_flags       0x2               obj_z1/contiki-z1-main.o
serial_line_event_message
                    0x1               contiki-z1.a(serial-line.o)
int1_event          0x1               contiki-z1.a(adxl345.o)
cc2420_sfd_end_time
                    0x2               contiki-z1.a(cc2420.o)
sensors_event       0x1               contiki-z1.a(sensors.o)

Memory Configuration

Name             Origin             Length             Attributes
sfr              0x00000000         0x00000010
peripheral_8bit  0x00000010         0x000000f0
peripheral_16bit 0x00000100         0x00000100
infomem          0x00001000         0x00000100
infod            0x00001000         0x00000040
infoc            0x00001040         0x00000040
infob            0x00001080         0x00000040
infoa            0x000010c0         0x00000040
ram              0x00001100         0x00002000         xw
rom              0x00003100         0x0000cebe         xr
vectors          0x0000ffc0         0x00000040
far_rom          0x00010000         0x0000a000
bsl              0x00000000         0x00000000
*default*        0x00000000         0xffffffff

Linker script and memory map

LOAD /usr/lib/gcc/msp430/4.5.3/mcpu-430x/mmpy-16/crt0ivtbl32.o
                0x00000041                __P1SEL2 = 0x41
                0x00000045                __P5SEL2 = 0x45
LOAD test-relay-phidget.co
LOAD obj_z1/contiki-z1-main.o
LOAD contiki-z1.a
LOAD /usr/lib/gcc/msp430/4.5.3/mcpu-430x/mmpy-16/libgcc.a
LOAD /usr/lib/gcc/msp430/4.5.3/../../../../msp430/lib/mcpu-430x/mmpy-16/libc.a
LOAD /usr/lib/gcc/msp430/4.5.3/mcpu-430x/mmpy-16/libgcc.a
LOAD /usr/lib/gcc/msp430/4.5.3/mcpu-430x/mmpy-16/libcrt0.a
                0x00000000                __IE1 = 0x0
                0x00000002                __IFG1 = 0x2
                0x00000001                __IE2 = 0x1
                0x00000003                __IFG2 = 0x3
                0x00000006                __UC1IE = 0x6
                0x00000007                __UC1IFG = 0x7
                0x000001a0                __ADC12CTL0 = 0x1a0
                0x000001a2                __ADC12CTL1 = 0x1a2
                0x000001a4                __ADC12IFG = 0x1a4
                0x000001a6                __ADC12IE = 0x1a6
                0x000001a8                __ADC12IV = 0x1a8
                0x00000140                __ADC12MEM0 = 0x140
                0x00000142                __ADC12MEM1 = 0x142
                0x00000144                __ADC12MEM2 = 0x144
                0x00000146                __ADC12MEM3 = 0x146
                0x00000148                __ADC12MEM4 = 0x148
                0x0000014a                __ADC12MEM5 = 0x14a
                0x0000014c                __ADC12MEM6 = 0x14c
                0x0000014e                __ADC12MEM7 = 0x14e
                0x00000150                __ADC12MEM8 = 0x150
                0x00000152                __ADC12MEM9 = 0x152
                0x00000154                __ADC12MEM10 = 0x154
                0x00000156                __ADC12MEM11 = 0x156
                0x00000158                __ADC12MEM12 = 0x158
                0x0000015a                __ADC12MEM13 = 0x15a
                0x0000015c                __ADC12MEM14 = 0x15c
                0x0000015e                __ADC12MEM15 = 0x15e
                0x00000080                __ADC12MCTL0 = 0x80
                0x00000081                __ADC12MCTL1 = 0x81
                0x00000082                __ADC12MCTL2 = 0x82
                0x00000083                __ADC12MCTL3 = 0x83
                0x00000084                __ADC12MCTL4 = 0x84
                0x00000085                __ADC12MCTL5 = 0x85
                0x00000086                __ADC12MCTL6 = 0x86
                0x00000087                __ADC12MCTL7 = 0x87
                0x00000088                __ADC12MCTL8 = 0x88
                0x00000089                __ADC12MCTL9 = 0x89
                0x0000008a                __ADC12MCTL10 = 0x8a
                0x0000008b                __ADC12MCTL11 = 0x8b
                0x0000008c                __ADC12MCTL12 = 0x8c
                0x0000008d                __ADC12MCTL13 = 0x8d
                0x0000008e                __ADC12MCTL14 = 0x8e
                0x0000008f                __ADC12MCTL15 = 0x8f
                0x00000056                __DCOCTL = 0x56
                0x00000057                __BCSCTL1 = 0x57
                0x00000058                __BCSCTL2 = 0x58
                0x00000053                __BCSCTL3 = 0x53
                0x00000059                __CACTL1 = 0x59
                0x0000005a                __CACTL2 = 0x5a
                0x0000005b                __CAPD = 0x5b
                0x000001c0                __DAC12_0CTL = 0x1c0
                0x000001c2                __DAC12_1CTL = 0x1c2
                0x000001c8                __DAC12_0DAT = 0x1c8
                0x000001ca                __DAC12_1DAT = 0x1ca
                0x00000122                __DMACTL0 = 0x122
                0x00000124                __DMACTL1 = 0x124
                0x00000126                __DMAIV = 0x126
                0x000001d0                __DMA0CTL = 0x1d0
                0x000001dc                __DMA1CTL = 0x1dc
                0x000001e8                __DMA2CTL = 0x1e8
                0x000001d2                __DMA0SA = 0x1d2
                0x000001d2                __DMA0SAL = 0x1d2
                0x000001d6                __DMA0DA = 0x1d6
                0x000001d6                __DMA0DAL = 0x1d6
                0x000001da                __DMA0SZ = 0x1da
                0x000001de                __DMA1SA = 0x1de
                0x000001de                __DMA1SAL = 0x1de
                0x000001e2                __DMA1DA = 0x1e2
                0x000001e2                __DMA1DAL = 0x1e2
                0x000001e6                __DMA1SZ = 0x1e6
                0x000001ea                __DMA2SA = 0x1ea
                0x000001ea                __DMA2SAL = 0x1ea
                0x000001ee                __DMA2DA = 0x1ee
                0x000001ee                __DMA2DAL = 0x1ee
                0x000001f2                __DMA2SZ = 0x1f2
                0x00000128                __FCTL1 = 0x128
                0x0000012a                __FCTL2 = 0x12a
                0x0000012c                __FCTL3 = 0x12c
                0x000001be                __FCTL4 = 0x1be
                0x00000130                __MPY = 0x130
                0x00000132                __MPYS = 0x132
                0x00000134                __MAC = 0x134
                0x00000136                __MACS = 0x136
                0x00000138                __OP2 = 0x138
                0x0000013a                __RESLO = 0x13a
                0x0000013c                __RESHI = 0x13c
                0x0000013e                __SUMEXT = 0x13e
                0x00000020                __P1IN = 0x20
                0x00000021                __P1OUT = 0x21
                0x00000022                __P1DIR = 0x22
                0x00000023                __P1IFG = 0x23
                0x00000024                __P1IES = 0x24
                0x00000025                __P1IE = 0x25
                0x00000026                __P1SEL = 0x26
                0x00000027                __P1REN = 0x27
                0x00000028                __P2IN = 0x28
                0x00000029                __P2OUT = 0x29
                0x0000002a                __P2DIR = 0x2a
                0x0000002b                __P2IFG = 0x2b
                0x0000002c                __P2IES = 0x2c
                0x0000002d                __P2IE = 0x2d
                0x0000002e                __P2SEL = 0x2e
                0x0000002f                __P2REN = 0x2f
                0x00000018                __P3IN = 0x18
                0x00000019                __P3OUT = 0x19
                0x0000001a                __P3DIR = 0x1a
                0x0000001b                __P3SEL = 0x1b
                0x00000010                __P3REN = 0x10
                0x0000001c                __P4IN = 0x1c
                0x0000001d                __P4OUT = 0x1d
                0x0000001e                __P4DIR = 0x1e
                0x0000001f                __P4SEL = 0x1f
                0x00000011                __P4REN = 0x11
                0x00000030                __P5IN = 0x30
                0x00000031                __P5OUT = 0x31
                0x00000032                __P5DIR = 0x32
                0x00000033                __P5SEL = 0x33
                0x00000012                __P5REN = 0x12
                0x00000034                __P6IN = 0x34
                0x00000035                __P6OUT = 0x35
                0x00000036                __P6DIR = 0x36
                0x00000037                __P6SEL = 0x37
                0x00000013                __P6REN = 0x13
                0x00000038                __P7IN = 0x38
                0x0000003a                __P7OUT = 0x3a
                0x0000003c                __P7DIR = 0x3c
                0x0000003e                __P7SEL = 0x3e
                0x00000014                __P7REN = 0x14
                0x00000039                __P8IN = 0x39
                0x0000003b                __P8OUT = 0x3b
                0x0000003d                __P8DIR = 0x3d
                0x0000003f                __P8SEL = 0x3f
                0x00000015                __P8REN = 0x15
                0x00000038                __PAIN = 0x38
                0x0000003a                __PAOUT = 0x3a
                0x0000003c                __PADIR = 0x3c
                0x0000003e                __PASEL = 0x3e
                0x00000014                __PAREN = 0x14
                0x00000055                __SVSCTL = 0x55
                0x0000012e                __TAIV = 0x12e
                0x00000160                __TACTL = 0x160
                0x00000162                __TACCTL0 = 0x162
                0x00000164                __TACCTL1 = 0x164
                0x00000166                __TACCTL2 = 0x166
                0x00000170                __TAR = 0x170
                0x00000172                __TACCR0 = 0x172
                0x00000174                __TACCR1 = 0x174
                0x00000176                __TACCR2 = 0x176
                0x0000011e                __TBIV = 0x11e
                0x00000180                __TBCTL = 0x180
                0x00000182                __TBCCTL0 = 0x182
                0x00000184                __TBCCTL1 = 0x184
                0x00000186                __TBCCTL2 = 0x186
                0x00000188                __TBCCTL3 = 0x188
                0x0000018a                __TBCCTL4 = 0x18a
                0x0000018c                __TBCCTL5 = 0x18c
                0x0000018e                __TBCCTL6 = 0x18e
                0x00000190                __TBR = 0x190
                0x00000192                __TBCCR0 = 0x192
                0x00000194                __TBCCR1 = 0x194
                0x00000196                __TBCCR2 = 0x196
                0x00000198                __TBCCR3 = 0x198
                0x0000019a                __TBCCR4 = 0x19a
                0x0000019c                __TBCCR5 = 0x19c
                0x0000019e                __TBCCR6 = 0x19e
                0x00000060                __UCA0CTL0 = 0x60
                0x00000061                __UCA0CTL1 = 0x61
                0x00000062                __UCA0BR0 = 0x62
                0x00000063                __UCA0BR1 = 0x63
                0x00000064                __UCA0MCTL = 0x64
                0x00000065                __UCA0STAT = 0x65
                0x00000066                __UCA0RXBUF = 0x66
                0x00000067                __UCA0TXBUF = 0x67
                0x0000005d                __UCA0ABCTL = 0x5d
                0x0000005e                __UCA0IRTCTL = 0x5e
                0x0000005f                __UCA0IRRCTL = 0x5f
                0x00000068                __UCB0CTL0 = 0x68
                0x00000069                __UCB0CTL1 = 0x69
                0x0000006a                __UCB0BR0 = 0x6a
                0x0000006b                __UCB0BR1 = 0x6b
                0x0000006c                __UCB0I2CIE = 0x6c
                0x0000006d                __UCB0STAT = 0x6d
                0x0000006e                __UCB0RXBUF = 0x6e
                0x0000006f                __UCB0TXBUF = 0x6f
                0x00000118                __UCB0I2COA = 0x118
                0x0000011a                __UCB0I2CSA = 0x11a
                0x000000d0                __UCA1CTL0 = 0xd0
                0x000000d1                __UCA1CTL1 = 0xd1
                0x000000d2                __UCA1BR0 = 0xd2
                0x000000d3                __UCA1BR1 = 0xd3
                0x000000d4                __UCA1MCTL = 0xd4
                0x000000d5                __UCA1STAT = 0xd5
                0x000000d6                __UCA1RXBUF = 0xd6
                0x000000d7                __UCA1TXBUF = 0xd7
                0x000000cd                __UCA1ABCTL = 0xcd
                0x000000ce                __UCA1IRTCTL = 0xce
                0x000000cf                __UCA1IRRCTL = 0xcf
                0x000000d8                __UCB1CTL0 = 0xd8
                0x000000d9                __UCB1CTL1 = 0xd9
                0x000000da                __UCB1BR0 = 0xda
                0x000000db                __UCB1BR1 = 0xdb
                0x000000dc                __UCB1I2CIE = 0xdc
                0x000000dd                __UCB1STAT = 0xdd
                0x000000de                __UCB1RXBUF = 0xde
                0x000000df                __UCB1TXBUF = 0xdf
                0x0000017c                __UCB1I2COA = 0x17c
                0x0000017e                __UCB1I2CSA = 0x17e
                0x00000120                __WDTCTL = 0x120
                0x000010c0                __TLV_CHECKSUM = 0x10c0
                0x000010f6                __TLV_DCO_30_TAG = 0x10f6
                0x000010f7                __TLV_DCO_30_LEN = 0x10f7
                0x000010da                __TLV_ADC12_1_TAG = 0x10da
                0x000010db                __TLV_ADC12_1_LEN = 0x10db
                0x000010f8                __CALDCO_16MHZ = 0x10f8
                0x000010f9                __CALBC1_16MHZ = 0x10f9
                0x000010fa                __CALDCO_12MHZ = 0x10fa
                0x000010fb                __CALBC1_12MHZ = 0x10fb
                0x000010fc                __CALDCO_8MHZ = 0x10fc
                0x000010fd                __CALBC1_8MHZ = 0x10fd
                0x000010fe                __CALDCO_1MHZ = 0x10fe
                0x000010ff                __CALBC1_1MHZ = 0x10ff

.hash
 *(.hash)

.dynsym
 *(.dynsym)

.dynstr
 *(.dynstr)

.gnu.version
 *(.gnu.version)

.gnu.version_d
 *(.gnu.version_d)

.gnu.version_r
 *(.gnu.version_r)

.rel.init
 *(.rel.init)

.rela.init
 *(.rela.init)

.rel.text
 *(.rel.text)
 *(.rel.text.*)
 *(.rel.gnu.linkonce.t*)

.rela.text
 *(.rela.text)
 *(.rela.text.*)
 *(.rela.gnu.linkonce.t*)

.rel.fini
 *(.rel.fini)

.rela.fini
 *(.rela.fini)

.rel.rodata
 *(.rel.rodata)
 *(.rel.rodata.*)
 *(.rel.gnu.linkonce.r*)

.rela.rodata
 *(.rela.rodata)
 *(.rela.rodata.*)
 *(.rela.gnu.linkonce.r*)

.rel.data
 *(.rel.data)
 *(.rel.data.*)
 *(.rel.gnu.linkonce.d*)

.rela.data
 *(.rela.data)
 *(.rela.data.*)
 *(.rela.gnu.linkonce.d*)

.rel.ctors
 *(.rel.ctors)

.rela.ctors
 *(.rela.ctors)

.rel.dtors
 *(.rel.dtors)

.rela.dtors
 *(.rela.dtors)

.rel.got
 *(.rel.got)

.rela.got
 *(.rela.got)

.rel.bss
 *(.rel.bss)

.rela.bss
 *(.rela.bss)

.rel.plt
 *(.rel.plt)

.rela.plt
 *(.rela.plt)

.text           0x00003100     0x56f2
                0x00003100                . = ALIGN (0x2)
 *(.init)
 *(.init0)
 .init0         0x00003100        0x0 /usr/lib/gcc/msp430/4.5.3/mcpu-430x/mmpy-16/libcrt0.a(_reset_vector__.o)
                0x00003100                _reset_vector__
 *(.init1)
 *(.init2)
 .init2         0x00003100        0x4 /usr/lib/gcc/msp430/4.5.3/mcpu-430x/mmpy-16/libcrt0.a(__init_stack.o)
                0x00003100                __init_stack
 *(.init3)
 .init3         0x00003104        0xa /usr/lib/gcc/msp430/4.5.3/mcpu-430x/mmpy-16/libcrt0.a(__low_level_init.o)
                0x00003104                __low_level_init
 *(.init4)
 .init4         0x0000310e       0x16 /usr/lib/gcc/msp430/4.5.3/mcpu-430x/mmpy-16/libcrt0.a(_copy_data.o)
                0x0000310e                __do_copy_data
 .init4         0x00003124       0x14 /usr/lib/gcc/msp430/4.5.3/mcpu-430x/mmpy-16/libcrt0.a(_clear_bss.o)
                0x00003124                __do_clear_bss
 *(.init5)
 *(.init6)
 *(.init7)
 *(.init8)
 *(.init9)
 .init9         0x00003138      0x322 obj_z1/contiki-z1-main.o
                0x00003138                main
 *(.fini9)
 .fini9         0x0000345a        0x0 /usr/lib/gcc/msp430/4.5.3/mcpu-430x/mmpy-16/libcrt0.a(__stop_progExec__.o)
                0x0000345a                __stop_progExec__
 *(.fini8)
 *(.fini7)
 *(.fini6)
 *(.fini5)
 *(.fini4)
 *(.fini3)
 *(.fini2)
 *(.fini1)
 *(.fini0)
 .fini0         0x0000345a        0x6 /usr/lib/gcc/msp430/4.5.3/mcpu-430x/mmpy-16/libcrt0.a(_endless_loop__.o)
                0x0000345a                _endless_loop__
 *(.fini)
                0x00003460                . = ALIGN (0x2)
                0x00003460                __ctors_start = .
 *(.ctors)
                0x00003460                __ctors_end = .
                0x00003460                __dtors_start = .
 *(.dtors)
                0x00003460                __dtors_end = .
                0x00003460                . = ALIGN (0x2)
 *(.text)
 .text          0x00003460        0x4 /usr/lib/gcc/msp430/4.5.3/mcpu-430x/mmpy-16/crt0ivtbl32.o
                0x00003460                __isr_14
                0x00003460                __isr_4
                0x00003460                __isr_29
                0x00003460                __isr_11
                0x00003460                __isr_5
                0x00003460                __isr_2
                0x00003460                __isr_10
                0x00003460                __isr_7
                0x00003460                __isr_0
                0x00003460                __isr_28
                0x00003460                __isr_8
                0x00003460                __isr_20
                0x00003460                __isr_3
                0x00003460                __isr_12
                0x00003460                __isr_13
                0x00003460                __isr_27
                0x00003460                __isr_9
                0x00003460                __isr_30
                0x00003460                __isr_6
                0x00003460                __isr_22
                0x00003460                __isr_1
                0x00003460                __isr_15
                0x00003460                __isr_21
 .text          0x00003464       0x88 test-relay-phidget.co
                0x000034e8                autostart_processes
 .text          0x000034ec      0x10a obj_z1/contiki-z1-main.o
                0x000034ec                uip_log
 .text          0x000035f6        0xc contiki-z1.a(contiki-z1-plat)
                0x000035f6                init_platform
 .text          0x00003602       0xc0 contiki-z1.a(msp430.o)
                0x00003602                msp430_init_dco
                0x0000362c                splhigh_
                0x00003634                msp430_sync_dco
                0x00003698                msp430_cpu_init
 .text          0x000036c2      0x15c contiki-z1.a(leds.o)
                0x000037c6                leds_init
                0x000037d0                leds_get
                0x000037d6                leds_set
                0x000037dc                leds_on
                0x000037e6                leds_off
                0x000037f4                leds_toggle
                0x000037fe                leds_blink
 .text          0x0000381e       0x5c contiki-z1.a(watchdog.o)
                0x0000381e                __isr_26
                0x0000381e                watchdog_interrupt
                0x00003824                watchdog_start
                0x00003838                watchdog_periodic
                0x0000384a                watchdog_stop
                0x00003860                watchdog_init
                0x00003874                watchdog_reboot
 .text          0x0000387a      0x3b6 contiki-z1.a(xmem.o)
                0x000038f2                xmem_init
                0x00003910                xmem_pread
                0x000039f2                xmem_pwrite
                0x00003b66                xmem_erase
 .text          0x00003c30       0x38 contiki-z1.a(spi.o)
                0x00003c30                spi_init
 .text          0x00003c68      0xa94 contiki-z1.a(cc2420.o)
                0x00004084                cc2420_on
                0x000040a6                cc2420_off
                0x0000423a                cc2420_get_channel
                0x00004240                cc2420_set_channel
                0x0000427c                cc2420_set_pan_addr
                0x000042c8                cc2420_interrupt
                0x000042e0                cc2420_set_txpower
                0x00004372                cc2420_get_txpower
                0x000044d6                cc2420_rssi
                0x000045c6                cc2420_set_cca_threshold
                0x000045dc                cc2420_init
                0x000046cc                cc2420_driver
                0x000046e8                cc2420_aes_128_driver
 .text          0x000046fc       0x1a contiki-z1.a(cc2420-arch.o)
                0x000046fc                cc2420_arch_init
 .text          0x00004716       0x9e contiki-z1.a(node-id.o)
                0x00004716                node_id_restore
                0x00004762                node_id_burn
 .text          0x000047b4      0x164 contiki-z1.a(sensors.o)
                0x00004898                sensors_first
                0x0000489e                sensors_next
                0x000048ac                sensors_changed
                0x000048c0                sensors_find
 .text          0x00004918      0x128 contiki-z1.a(button-sensor.o)
                0x0000499e                irq_p2
                0x0000499e                __isr_19
                0x00004a38                button_sensor
 .text          0x00004a40       0xf2 contiki-z1.a(uart0.o)
                0x00004a40                uart0_active
                0x00004a4c                uart0_set_input
                0x00004a52                uart0_writeb
                0x00004a6a                uart0_init
                0x00004ab0                __isr_23
                0x00004ab0                uart0_rx_interrupt
 .text          0x00004b32        0xe contiki-z1.a(uart0-putchar.o)
                0x00004b32                putchar
 .text          0x00004b40       0x64 contiki-z1.a(relay-phidget.o)
                0x00004b40                relay_enable
                0x00004b6a                relay_on
                0x00004b78                relay_off
                0x00004b86                relay_toggle
 .text          0x00004ba4      0x350 contiki-z1.a(adxl345.o)
                0x00004ba4                accm_write_reg
                0x00004bd2                accm_write_stream
                0x00004c00                accm_read_reg
                0x00004cac                accm_read_stream
                0x00004d02                accm_read_axis
                0x00004d28                accm_set_grange
                0x00004d4c                accm_init
                0x00004ddc                accm_set_irq
                0x00004e08                port1_isr
                0x00004e08                __isr_18
 .text          0x00004ef4      0x1ee contiki-z1.a(clock.o)
                0x00004f02                __isr_24
                0x00004f02                timera1
                0x00004ff4                clock_time
                0x0000500e                clock_set
                0x00005024                clock_fine_max
                0x0000502a                clock_fine
                0x00005034                clock_init
                0x0000505c                clock_delay
                0x00005068                clock_wait
                0x0000509e                clock_set_seconds
                0x000050ba                clock_seconds
                0x000050d4                clock_counter
 .text          0x000050e2       0x70 contiki-z1.a(leds-arch.o)
                0x000050e2                leds_arch_init
                0x000050f0                leds_arch_get
                0x00005118                leds_arch_set
 .text          0x00005152       0x98 contiki-z1.a(rtimer-arch.o)
                0x00005152                rtimer_arch_init
                0x00005160                rtimer_arch_now
                0x0000516e                __isr_25
                0x0000516e                timera0
                0x000051e4                rtimer_arch_schedule
 .text          0x000051ea       0x2e contiki-z1.a(autostart.o)
                0x000051ea                autostart_start
                0x00005202                autostart_exit
 .text          0x00005218      0x1d6 contiki-z1.a(ctimer.o)
                0x000052bc                ctimer_init
                0x000052d4                ctimer_set
                0x00005324                ctimer_reset
                0x00005354                ctimer_restart
                0x00005384                ctimer_stop
                0x000053ac                ctimer_expired
 .text          0x000053ee       0xcc contiki-z1.a(energest.o)
                0x000053ee                energest_init
                0x00005418                energest_type_time
                0x0000545c                energest_leveldevice_leveltime
                0x00005462                energest_type_set
                0x00005470                energest_flush
 .text          0x000054ba      0x276 contiki-z1.a(etimer.o)
                0x00005532                etimer_request_poll
                0x0000564a                etimer_set
                0x0000565c                etimer_reset
                0x0000566e                etimer_restart
                0x00005680                etimer_adjust
                0x0000569a                etimer_expired
                0x000056a8                etimer_expiration_time
                0x000056bc                etimer_start_time
                0x000056c4                etimer_pending
                0x000056d2                etimer_next_expiration_time
                0x000056e8                etimer_stop
 .text          0x00005730      0x2ac contiki-z1.a(process.o)
                0x00005840                process_alloc_event
                0x0000584e                process_exit
                0x00005858                process_init
                0x00005874                process_run
                0x00005910                process_nevents
                0x0000591c                process_post
                0x00005970                process_post_synch
                0x00005982                process_start
                0x000059b4                process_poll
                0x000059ce                process_is_running
 .text          0x000059dc       0x50 contiki-z1.a(rtimer.o)
                0x000059dc                rtimer_init
                0x000059e2                rtimer_set
                0x00005a06                rtimer_run_next
 .text          0x00005a2c       0x94 contiki-z1.a(timer.o)
                0x00005a2c                timer_set
                0x00005a48                timer_reset
                0x00005a56                timer_restart
                0x00005a6a                timer_expired
                0x00005a98                timer_remaining
 .text          0x00005ac0      0x116 contiki-z1.a(serial-line.o)
                0x00005b66                serial_line_input_byte
                0x00005bac                serial_line_init
 .text          0x00005bd6       0xfc contiki-z1.a(list.o)
                0x00005bd6                list_init
                0x00005bdc                list_head
                0x00005be0                list_copy
                0x00005be6                list_tail
                0x00005bfa                list_chop
                0x00005c24                list_pop
                0x00005c32                list_remove
                0x00005c60                list_push
                0x00005c7a                list_add
                0x00005ca4                list_length
                0x00005cb4                list_insert
                0x00005cca                list_item_next
 .text          0x00005cd2       0x9c contiki-z1.a(ringbuf.o)
                0x00005cd2                ringbuf_init
                0x00005ce6                ringbuf_put
                0x00005d22                ringbuf_get
                0x00005d54                ringbuf_size
                0x00005d5c                ringbuf_elements
 .text          0x00005d6e       0xf0 contiki-z1.a(rime.o)
                0x00005e1a                rime_sniffer_add
                0x00005e26                rime_sniffer_remove
                0x00005e32                rime_output
                0x00005e58                rime_driver
 .text          0x00005e5e       0x26 contiki-z1.a(linkaddr.o)
                0x00005e5e                linkaddr_copy
                0x00005e64                linkaddr_cmp
                0x00005e76                linkaddr_set_node_addr
                0x00005e82                linkaddr_null
 .text          0x00005e84      0x24c contiki-z1.a(packetbuf.o)
                0x00005e84                packetbuf_clear_hdr
                0x00005e8c                packetbuf_copyto_hdr
                0x00005ea8                packetbuf_copyto
                0x00005efa                packetbuf_hdr_remove
                0x00005f00                packetbuf_hdrreduce
                0x00005f1a                packetbuf_set_datalen
                0x00005f20                packetbuf_dataptr
                0x00005f2a                packetbuf_hdrptr
                0x00005f34                packetbuf_is_reference
                0x00005f42                packetbuf_compact
                0x00005f8a                packetbuf_reference_ptr
                0x00005f90                packetbuf_datalen
                0x00005f96                packetbuf_hdrlen
                0x00005fa6                packetbuf_totlen
                0x00005fb2                packetbuf_hdralloc
                0x00005fe0                packetbuf_attr_clear
                0x0000600e                packetbuf_clear
                0x0000602e                packetbuf_reference
                0x00006048                packetbuf_copyfrom
                0x00006076                packetbuf_attr_copyto
                0x00006096                packetbuf_attr_copyfrom
                0x000060c2                packetbuf_holds_broadcast
 .text          0x000060d0      0x200 contiki-z1.a(queuebuf.o)
                0x000060d0                queuebuf_init
                0x000060ea                queuebuf_numfree
                0x00006106                queuebuf_new_from_packetbuf
                0x0000618e                queuebuf_update_attr_from_packetbuf
                0x000061a0                queuebuf_update_from_packetbuf
                0x000061c2                queuebuf_free
                0x00006208                queuebuf_to_packetbuf
                0x00006278                queuebuf_dataptr
                0x000062aa                queuebuf_datalen
                0x000062b2                queuebuf_addr
                0x000062c0                queuebuf_attr
                0x000062ce                queuebuf_debug_print
 .text          0x000062d0      0x3b0 contiki-z1.a(csma.o)
                0x00006672                csma_driver
 .text          0x00006680       0x14 contiki-z1.a(mac.o)
                0x00006680                mac_call_sent_callback
 .text          0x00006694      0x6aa contiki-z1.a(contikimac.o)
                0x00006d1e                contikimac_debug_print
                0x00006d2e                contikimac_driver
 .text          0x00006d3e       0xe2 contiki-z1.a(contikimac-fram)
                0x00006e18                contikimac_framer
 .text          0x00006e20       0x30 contiki-z1.a(nullsec.o)
                0x00006e44                nullsec_driver
 .text          0x00006e50      0x1ac contiki-z1.a(i2cmaster.o)
                0x00006e50                i2c_setrate
                0x00006e56                i2c_receiveinit
                0x00006e8e                i2c_transmitinit
                0x00006ec0                i2c_receive_n
                0x00006f04                i2c_busy
                0x00006f0e                i2c_enable
                0x00006f32                i2c_disable
                0x00006f4c                i2c_transmit_n
                0x00006f60                __isr_16
                0x00006f60                i2c_tx_interrupt
                0x00006fe4                i2c_rx_interrupt
                0x00006fe4                __isr_17
 .text          0x00006ffc       0xc8 contiki-z1.a(compower.o)
                0x00006ffc                compower_init
                0x0000700e                compower_accumulate
                0x00007080                compower_clear
                0x00007092                compower_attrconv
                0x000070a2                compower_accumulate_attrs
 .text          0x000070c4      0x102 contiki-z1.a(memb.o)
                0x000070c4                memb_init
                0x000070fa                memb_alloc
                0x00007138                memb_free
                0x00007172                memb_inmemb
                0x000071a0                memb_numfree
 .text          0x000071c6        0xc contiki-z1.a(random.o)
                0x000071c6                random_init
                0x000071cc                random_rand
 .text          0x000071d2       0x52 contiki-z1.a(abc.o)
                0x000071d2                abc_open
                0x000071f8                abc_close
                0x000071fe                abc_send
                0x00007204                abc_input
                0x00007212                abc_sent
 .text          0x00007224      0x124 contiki-z1.a(announcement.o)
                0x00007224                announcement_init
                0x0000722e                announcement_register
                0x0000726c                announcement_remove
                0x00007278                announcement_remove_value
                0x0000729a                announcement_set_value
                0x000072c2                announcement_bump
                0x000072e4                announcement_listen
                0x000072f0                announcement_register_listen_callback
                0x000072f6                announcement_register_observer_callback
                0x000072fc                announcement_list
                0x00007306                announcement_heard
 .text          0x00007348      0x1fc contiki-z1.a(broadcast-annou)
                0x000074cc                broadcast_announcement_init
                0x00007514                broadcast_announcement_stop
                0x00007536                broadcast_announcement_beacon_interval
 .text          0x00007544       0x88 contiki-z1.a(broadcast.o)
                0x0000757a                broadcast_open
                0x000075a4                broadcast_close
                0x000075aa                broadcast_send
 .text          0x000075cc       0x38 contiki-z1.a(chameleon.o)
                0x000075cc                chameleon_init
                0x000075d2                chameleon_parse
                0x000075e2                chameleon_create
                0x000075fe                chameleon_hdrsize
 .text          0x00007604       0x6a contiki-z1.a(channel.o)
                0x00007604                channel_init
                0x0000760e                channel_open
                0x0000761e                channel_close
                0x0000762a                channel_lookup
                0x0000764a                channel_set_attributes
 .text          0x0000766e      0x1ba contiki-z1.a(framer-802154.o)
                0x00007820                framer_802154
 .text          0x00007828       0x20 contiki-z1.a(framer.o)
                0x00007828                framer_canonical_create_and_secure
 .text          0x00007848       0x9e contiki-z1.a(mac-sequence.o)
                0x00007848                mac_sequence_is_duplicate
                0x00007884                mac_sequence_register_seqno
 .text          0x000078e6      0x36c contiki-z1.a(chameleon-bitop)
                0x000078fc                get_bits_in_byte
                0x0000792c                get_bits
                0x00007ab4                set_bits_in_byte
                0x00007ada                set_bits
                0x00007c42                chameleon_bitopt
 .text          0x00007c52      0x390 contiki-z1.a(frame802154.o)
                0x00007cea                frame802154_hdrlen
                0x00007d18                frame802154_create
                0x00007e54                frame802154_parse
 .text          0x00007fe2        0x0 /usr/lib/gcc/msp430/4.5.3/mcpu-430x/mmpy-16/libgcc.a(_mulsi3.o)
 .text          0x00007fe2        0x0 /usr/lib/gcc/msp430/4.5.3/mcpu-430x/mmpy-16/libgcc.a(_udivmodsi4.o)
 .text          0x00007fe2       0x30 /usr/lib/gcc/msp430/4.5.3/../../../../msp430/lib/mcpu-430x/mmpy-16/libc.a(strncmp.o)
                0x00007fe2                strncmp
 .text          0x00008012       0x34 /usr/lib/gcc/msp430/4.5.3/../../../../msp430/lib/mcpu-430x/mmpy-16/libc.a(memcmp.o)
                0x00008012                memcmp
 .text          0x00008046      0x104 /usr/lib/gcc/msp430/4.5.3/../../../../msp430/lib/mcpu-430x/mmpy-16/libc.a(memcpy.o)
                0x00008046                memcpy
 .text          0x0000814a       0x66 /usr/lib/gcc/msp430/4.5.3/../../../../msp430/lib/mcpu-430x/mmpy-16/libc.a(memset.o)
                0x0000814a                memset
 .text          0x000081b0       0x20 /usr/lib/gcc/msp430/4.5.3/../../../../msp430/lib/mcpu-430x/mmpy-16/libc.a(printf.o)
                0x000081b0                printf
                0x000081c2                vprintf
 .text          0x000081d0      0x476 /usr/lib/gcc/msp430/4.5.3/../../../../msp430/lib/mcpu-430x/mmpy-16/libc.a(vuprintf.o)
                0x000082dc                vuprintf
 .text          0x00008646       0x2c /usr/lib/gcc/msp430/4.5.3/../../../../msp430/lib/mcpu-430x/mmpy-16/libc.a(puts.o)
                0x00008646                puts
 .text          0x00008672      0x134 /usr/lib/gcc/msp430/4.5.3/../../../../msp430/lib/mcpu-430x/mmpy-16/libc.a(rand.o)
                0x00008672                rand_r
                0x00008706                rand
                0x0000879c                srand
 .text          0x000087a6        0x0 /usr/lib/gcc/msp430/4.5.3/mcpu-430x/mmpy-16/libcrt0.a(_reset_vector__.o)
 .text          0x000087a6        0x0 /usr/lib/gcc/msp430/4.5.3/mcpu-430x/mmpy-16/libcrt0.a(__init_stack.o)
 .text          0x000087a6        0x0 /usr/lib/gcc/msp430/4.5.3/mcpu-430x/mmpy-16/libcrt0.a(__low_level_init.o)
 .text          0x000087a6        0x0 /usr/lib/gcc/msp430/4.5.3/mcpu-430x/mmpy-16/libcrt0.a(_copy_data.o)
 .text          0x000087a6        0x0 /usr/lib/gcc/msp430/4.5.3/mcpu-430x/mmpy-16/libcrt0.a(_clear_bss.o)
 .text          0x000087a6        0x0 /usr/lib/gcc/msp430/4.5.3/mcpu-430x/mmpy-16/libcrt0.a(__stop_progExec__.o)
 .text          0x000087a6        0x0 /usr/lib/gcc/msp430/4.5.3/mcpu-430x/mmpy-16/libcrt0.a(_endless_loop__.o)
 .text          0x000087a6        0x0 /usr/lib/gcc/msp430/4.5.3/mcpu-430x/mmpy-16/libcrt0.a(_unexpected_.o)
                0x000087a6                . = ALIGN (0x2)
 *(.text.*)
 .text.crt0     0x000087a6        0x0 /usr/lib/gcc/msp430/4.5.3/mcpu-430x/mmpy-16/crt0ivtbl32.o
 .text.libgcc   0x000087a6       0x20 /usr/lib/gcc/msp430/4.5.3/mcpu-430x/mmpy-16/libgcc.a(_mulsi3.o)
                0x000087a6                __mulsi3
 .text.libgcc   0x000087c6       0x2a /usr/lib/gcc/msp430/4.5.3/mcpu-430x/mmpy-16/libgcc.a(_udivmodsi4.o)
                0x000087c6                __udivmodsi4
 .text.crt0     0x000087f0        0x2 /usr/lib/gcc/msp430/4.5.3/mcpu-430x/mmpy-16/libcrt0.a(_unexpected_.o)
                0x000087f0                _unexpected_

.rodata         0x000087f2        0x0
                0x000087f2                . = ALIGN (0x2)
 *(.rodata .rodata.* .gnu.linkonce.r.*)
                0x000087f2                . = ALIGN (0x2)
                0x000087f2                _etext = .

.data           0x00001100       0x98 load address 0x000087f2
                0x00001100                . = ALIGN (0x2)
                0x00001100                PROVIDE (__data_start, .)
 *(.data)
 .data          0x00001100        0x0 /usr/lib/gcc/msp430/4.5.3/mcpu-430x/mmpy-16/crt0ivtbl32.o
 .data          0x00001100        0xa test-relay-phidget.co
                0x00001100                test_process
 .data          0x0000110a        0x4 obj_z1/contiki-z1-main.o
                0x0000110a                sensors
 .data          0x0000110e        0x0 contiki-z1.a(contiki-z1-plat)
 .data          0x0000110e        0x2 contiki-z1.a(msp430.o)
 .data          0x00001110        0x0 contiki-z1.a(leds.o)
 .data          0x00001110        0x0 contiki-z1.a(watchdog.o)
 .data          0x00001110        0x0 contiki-z1.a(xmem.o)
 .data          0x00001110        0x0 contiki-z1.a(spi.o)
 .data          0x00001110        0xa contiki-z1.a(cc2420.o)
                0x00001110                cc2420_process
 .data          0x0000111a        0x0 contiki-z1.a(cc2420-arch.o)
 .data          0x0000111a        0x0 contiki-z1.a(node-id.o)
 .data          0x0000111a        0xa contiki-z1.a(sensors.o)
                0x0000111a                sensors_process
 .data          0x00001124        0x0 contiki-z1.a(button-sensor.o)
 .data          0x00001124        0x0 contiki-z1.a(uart0.o)
 .data          0x00001124        0x0 contiki-z1.a(uart0-putchar.o)
 .data          0x00001124        0x0 contiki-z1.a(relay-phidget.o)
 .data          0x00001124       0x20 contiki-z1.a(adxl345.o)
                0x00001124                accmeter_process
 .data          0x00001144        0x0 contiki-z1.a(clock.o)
 .data          0x00001144        0x0 contiki-z1.a(leds-arch.o)
 .data          0x00001144        0x0 contiki-z1.a(rtimer-arch.o)
 .data          0x00001144        0x0 contiki-z1.a(autostart.o)
 .data          0x00001144        0xa contiki-z1.a(ctimer.o)
                0x00001144                ctimer_process
 .data          0x0000114e        0x0 contiki-z1.a(energest.o)
 .data          0x0000114e        0xa contiki-z1.a(etimer.o)
                0x0000114e                etimer_process
 .data          0x00001158        0x0 contiki-z1.a(process.o)
 .data          0x00001158        0x0 contiki-z1.a(rtimer.o)
 .data          0x00001158        0x0 contiki-z1.a(timer.o)
 .data          0x00001158        0xa contiki-z1.a(serial-line.o)
                0x00001158                serial_line_process
 .data          0x00001162        0x0 contiki-z1.a(list.o)
 .data          0x00001162        0x0 contiki-z1.a(ringbuf.o)
 .data          0x00001162        0x0 contiki-z1.a(rime.o)
 .data          0x00001162        0x0 contiki-z1.a(linkaddr.o)
 .data          0x00001162        0x0 contiki-z1.a(packetbuf.o)
 .data          0x00001162       0x18 contiki-z1.a(queuebuf.o)
 .data          0x0000117a       0x18 contiki-z1.a(csma.o)
 .data          0x00001192        0x0 contiki-z1.a(mac.o)
 .data          0x00001192        0x0 contiki-z1.a(contikimac.o)
 .data          0x00001192        0x0 contiki-z1.a(contikimac-fram)
 .data          0x00001192        0x0 contiki-z1.a(nullsec.o)
 .data          0x00001192        0x1 contiki-z1.a(i2cmaster.o)
                0x00001192                prescale_lsb
 .data          0x00001193        0x0 contiki-z1.a(compower.o)
 .data          0x00001193        0x0 contiki-z1.a(memb.o)
 .data          0x00001193        0x0 contiki-z1.a(random.o)
 .data          0x00001193        0x0 contiki-z1.a(abc.o)
 .data          0x00001193        0x0 contiki-z1.a(announcement.o)
 .data          0x00001193        0x0 contiki-z1.a(broadcast-annou)
 .data          0x00001193        0x0 contiki-z1.a(broadcast.o)
 .data          0x00001193        0x0 contiki-z1.a(chameleon.o)
 .data          0x00001193        0x0 contiki-z1.a(channel.o)
 .data          0x00001193        0x0 contiki-z1.a(framer-802154.o)
 .data          0x00001193        0x0 contiki-z1.a(framer.o)
 .data          0x00001193        0x0 contiki-z1.a(mac-sequence.o)
 .data          0x00001193        0x0 contiki-z1.a(chameleon-bitop)
 .data          0x00001193        0x0 contiki-z1.a(frame802154.o)
 .data          0x00001193        0x0 /usr/lib/gcc/msp430/4.5.3/mcpu-430x/mmpy-16/libgcc.a(_mulsi3.o)
 .data          0x00001193        0x0 /usr/lib/gcc/msp430/4.5.3/mcpu-430x/mmpy-16/libgcc.a(_udivmodsi4.o)
 .data          0x00001193        0x0 /usr/lib/gcc/msp430/4.5.3/../../../../msp430/lib/mcpu-430x/mmpy-16/libc.a(strncmp.o)
 .data          0x00001193        0x0 /usr/lib/gcc/msp430/4.5.3/../../../../msp430/lib/mcpu-430x/mmpy-16/libc.a(memcmp.o)
 .data          0x00001193        0x0 /usr/lib/gcc/msp430/4.5.3/../../../../msp430/lib/mcpu-430x/mmpy-16/libc.a(memcpy.o)
 .data          0x00001193        0x0 /usr/lib/gcc/msp430/4.5.3/../../../../msp430/lib/mcpu-430x/mmpy-16/libc.a(memset.o)
 .data          0x00001193        0x0 /usr/lib/gcc/msp430/4.5.3/../../../../msp430/lib/mcpu-430x/mmpy-16/libc.a(printf.o)
 .data          0x00001193        0x0 /usr/lib/gcc/msp430/4.5.3/../../../../msp430/lib/mcpu-430x/mmpy-16/libc.a(vuprintf.o)
 .data          0x00001193        0x0 /usr/lib/gcc/msp430/4.5.3/../../../../msp430/lib/mcpu-430x/mmpy-16/libc.a(puts.o)
 *fill*         0x00001193        0x1 00
 .data          0x00001194        0x4 /usr/lib/gcc/msp430/4.5.3/../../../../msp430/lib/mcpu-430x/mmpy-16/libc.a(rand.o)
 .data          0x00001198        0x0 /usr/lib/gcc/msp430/4.5.3/mcpu-430x/mmpy-16/libcrt0.a(_reset_vector__.o)
 .data          0x00001198        0x0 /usr/lib/gcc/msp430/4.5.3/mcpu-430x/mmpy-16/libcrt0.a(__init_stack.o)
 .data          0x00001198        0x0 /usr/lib/gcc/msp430/4.5.3/mcpu-430x/mmpy-16/libcrt0.a(__low_level_init.o)
 .data          0x00001198        0x0 /usr/lib/gcc/msp430/4.5.3/mcpu-430x/mmpy-16/libcrt0.a(_copy_data.o)
 .data          0x00001198        0x0 /usr/lib/gcc/msp430/4.5.3/mcpu-430x/mmpy-16/libcrt0.a(_clear_bss.o)
 .data          0x00001198        0x0 /usr/lib/gcc/msp430/4.5.3/mcpu-430x/mmpy-16/libcrt0.a(__stop_progExec__.o)
 .data          0x00001198        0x0 /usr/lib/gcc/msp430/4.5.3/mcpu-430x/mmpy-16/libcrt0.a(_endless_loop__.o)
 .data          0x00001198        0x0 /usr/lib/gcc/msp430/4.5.3/mcpu-430x/mmpy-16/libcrt0.a(_unexpected_.o)
 *(SORT(.data.*))
                0x00001198                . = ALIGN (0x2)
 *(.gnu.linkonce.d*)
                0x00001198                . = ALIGN (0x2)
                0x00001198                _edata = .
                0x000087f2                PROVIDE (__data_load_start, LOADADDR (.data))
                0x00000098                PROVIDE (__data_size, SIZEOF (.data))

.bss            0x00001198      0xb46 load address 0x0000888a
                0x00001198                PROVIDE (__bss_start, .)
 *(.bss)
 .bss           0x00001198        0x0 /usr/lib/gcc/msp430/4.5.3/mcpu-430x/mmpy-16/crt0ivtbl32.o
 .bss           0x00001198        0xe test-relay-phidget.co
 .bss           0x000011a6        0x4 obj_z1/contiki-z1-main.o
 .bss           0x000011aa        0x0 contiki-z1.a(contiki-z1-plat)
 .bss           0x000011aa        0x0 contiki-z1.a(msp430.o)
 .bss           0x000011aa        0x1 contiki-z1.a(leds.o)
 *fill*         0x000011ab        0x1 00
 .bss           0x000011ac        0x2 contiki-z1.a(watchdog.o)
 .bss           0x000011ae        0x0 contiki-z1.a(xmem.o)
 .bss           0x000011ae        0x2 contiki-z1.a(spi.o)
                0x000011ae                spi_busy
 .bss           0x000011b0        0x8 contiki-z1.a(cc2420.o)
 .bss           0x000011b8        0x0 contiki-z1.a(cc2420-arch.o)
 .bss           0x000011b8        0x2 contiki-z1.a(node-id.o)
                0x000011b8                node_id
 .bss           0x000011ba        0x6 contiki-z1.a(sensors.o)
 .bss           0x000011c0        0x8 contiki-z1.a(button-sensor.o)
 .bss           0x000011c8        0x4 contiki-z1.a(uart0.o)
 .bss           0x000011cc        0x0 contiki-z1.a(uart0-putchar.o)
 .bss           0x000011cc        0x4 contiki-z1.a(relay-phidget.o)
 .bss           0x000011d0       0x16 contiki-z1.a(adxl345.o)
 .bss           0x000011e6        0xa contiki-z1.a(clock.o)
 .bss           0x000011f0        0x0 contiki-z1.a(leds-arch.o)
 .bss           0x000011f0        0x0 contiki-z1.a(rtimer-arch.o)
 .bss           0x000011f0        0x0 contiki-z1.a(autostart.o)
 .bss           0x000011f0        0x4 contiki-z1.a(ctimer.o)
 .bss           0x000011f4        0x0 contiki-z1.a(energest.o)
 .bss           0x000011f4        0x6 contiki-z1.a(etimer.o)
 .bss           0x000011fa       0x42 contiki-z1.a(process.o)
                0x000011fa                process_list
                0x000011fc                process_current
 .bss           0x0000123c        0x2 contiki-z1.a(rtimer.o)
 .bss           0x0000123e        0x0 contiki-z1.a(timer.o)
 .bss           0x0000123e      0x10a contiki-z1.a(serial-line.o)
 .bss           0x00001348        0x0 contiki-z1.a(list.o)
 .bss           0x00001348        0x0 contiki-z1.a(ringbuf.o)
 .bss           0x00001348        0x2 contiki-z1.a(rime.o)
 .bss           0x0000134a        0x0 contiki-z1.a(linkaddr.o)
 .bss           0x0000134a       0xb8 contiki-z1.a(packetbuf.o)
 .bss           0x00001402      0x67e contiki-z1.a(queuebuf.o)
 .bss           0x00001a80       0xb8 contiki-z1.a(csma.o)
 .bss           0x00001b38        0x0 contiki-z1.a(mac.o)
 .bss           0x00001b38       0x38 contiki-z1.a(contikimac.o)
 .bss           0x00001b70        0x0 contiki-z1.a(contikimac-fram)
 .bss           0x00001b70        0x0 contiki-z1.a(nullsec.o)
 .bss           0x00001b70        0x4 contiki-z1.a(i2cmaster.o)
                0x00001b70                prescale_msb
 .bss           0x00001b74        0x8 contiki-z1.a(compower.o)
 .bss           0x00001b7c        0x0 contiki-z1.a(memb.o)
 .bss           0x00001b7c        0x0 contiki-z1.a(random.o)
 .bss           0x00001b7c        0x0 contiki-z1.a(abc.o)
 .bss           0x00001b7c        0x6 contiki-z1.a(announcement.o)
 .bss           0x00001b82       0x46 contiki-z1.a(broadcast-annou)
 .bss           0x00001bc8        0x0 contiki-z1.a(broadcast.o)
 .bss           0x00001bc8        0x0 contiki-z1.a(chameleon.o)
 .bss           0x00001bc8        0x2 contiki-z1.a(channel.o)
 .bss           0x00001bca        0x2 contiki-z1.a(framer-802154.o)
 .bss           0x00001bcc        0x0 contiki-z1.a(framer.o)
 .bss           0x00001bcc       0x40 contiki-z1.a(mac-sequence.o)
 .bss           0x00001c0c        0x0 contiki-z1.a(chameleon-bitop)
 .bss           0x00001c0c        0x0 contiki-z1.a(frame802154.o)
 .bss           0x00001c0c        0x0 /usr/lib/gcc/msp430/4.5.3/mcpu-430x/mmpy-16/libgcc.a(_mulsi3.o)
 .bss           0x00001c0c        0x0 /usr/lib/gcc/msp430/4.5.3/mcpu-430x/mmpy-16/libgcc.a(_udivmodsi4.o)
 .bss           0x00001c0c        0x0 /usr/lib/gcc/msp430/4.5.3/../../../../msp430/lib/mcpu-430x/mmpy-16/libc.a(strncmp.o)
 .bss           0x00001c0c        0x0 /usr/lib/gcc/msp430/4.5.3/../../../../msp430/lib/mcpu-430x/mmpy-16/libc.a(memcmp.o)
 .bss           0x00001c0c        0x0 /usr/lib/gcc/msp430/4.5.3/../../../../msp430/lib/mcpu-430x/mmpy-16/libc.a(memcpy.o)
 .bss           0x00001c0c        0x0 /usr/lib/gcc/msp430/4.5.3/../../../../msp430/lib/mcpu-430x/mmpy-16/libc.a(memset.o)
 .bss           0x00001c0c        0x0 /usr/lib/gcc/msp430/4.5.3/../../../../msp430/lib/mcpu-430x/mmpy-16/libc.a(printf.o)
 .bss           0x00001c0c        0x0 /usr/lib/gcc/msp430/4.5.3/../../../../msp430/lib/mcpu-430x/mmpy-16/libc.a(vuprintf.o)
 .bss           0x00001c0c        0x0 /usr/lib/gcc/msp430/4.5.3/../../../../msp430/lib/mcpu-430x/mmpy-16/libc.a(puts.o)
 .bss           0x00001c0c        0x0 /usr/lib/gcc/msp430/4.5.3/../../../../msp430/lib/mcpu-430x/mmpy-16/libc.a(rand.o)
 .bss           0x00001c0c        0x0 /usr/lib/gcc/msp430/4.5.3/mcpu-430x/mmpy-16/libcrt0.a(_reset_vector__.o)
 .bss           0x00001c0c        0x0 /usr/lib/gcc/msp430/4.5.3/mcpu-430x/mmpy-16/libcrt0.a(__init_stack.o)
 .bss           0x00001c0c        0x0 /usr/lib/gcc/msp430/4.5.3/mcpu-430x/mmpy-16/libcrt0.a(__low_level_init.o)
 .bss           0x00001c0c        0x0 /usr/lib/gcc/msp430/4.5.3/mcpu-430x/mmpy-16/libcrt0.a(_copy_data.o)
 .bss           0x00001c0c        0x0 /usr/lib/gcc/msp430/4.5.3/mcpu-430x/mmpy-16/libcrt0.a(_clear_bss.o)
 .bss           0x00001c0c        0x0 /usr/lib/gcc/msp430/4.5.3/mcpu-430x/mmpy-16/libcrt0.a(__stop_progExec__.o)
 .bss           0x00001c0c        0x0 /usr/lib/gcc/msp430/4.5.3/mcpu-430x/mmpy-16/libcrt0.a(_endless_loop__.o)
 .bss           0x00001c0c        0x0 /usr/lib/gcc/msp430/4.5.3/mcpu-430x/mmpy-16/libcrt0.a(_unexpected_.o)
 *(SORT(.bss.*))
 *(COMMON)
 COMMON         0x00001c0c        0x2 obj_z1/contiki-z1-main.o
                0x00001c0c                sensors_flags
 COMMON         0x00001c0e       0x10 contiki-z1.a(cc2420.o)
                0x00001c0e                cc2420_last_rssi
                0x00001c10                cc2420_sfd_start_time
                0x00001c12                cc2420_time_of_departure
                0x00001c14                cc2420_time_of_arrival
                0x00001c16                cc2420_last_correlation
                0x00001c18                cc2420_authority_level_of_sender
                0x00001c1a                cc2420_sfd_counter
                0x00001c1c                cc2420_sfd_end_time
 COMMON         0x00001c1e        0x8 contiki-z1.a(node-id.o)
                0x00001c1e                node_mac
 COMMON         0x00001c26        0x1 contiki-z1.a(sensors.o)
                0x00001c26                sensors_event
 *fill*         0x00001c27        0x1 00
 COMMON         0x00001c28        0x7 contiki-z1.a(adxl345.o)
                0x00001c28                accm_int2_cb
                0x00001c2a                int2_event
                0x00001c2c                accm_int1_cb
                0x00001c2e                int1_event
 *fill*         0x00001c2f        0x1 00
 COMMON         0x00001c30       0x56 contiki-z1.a(energest.o)
                0x00001c30                energest_total_time
                0x00001c60                energest_total_count
                0x00001c62                energest_current_mode
                0x00001c6e                energest_current_time
 COMMON         0x00001c86        0x1 contiki-z1.a(process.o)
                0x00001c86                process_maxevents
 COMMON         0x00001c87        0x1 contiki-z1.a(serial-line.o)
                0x00001c87                serial_line_event_message
 COMMON         0x00001c88        0x2 contiki-z1.a(linkaddr.o)
                0x00001c88                linkaddr_node_addr
 COMMON         0x00001c8a       0x3c contiki-z1.a(packetbuf.o)
                0x00001c8a                packetbuf_addrs
                0x00001c92                packetbuf_attrs
 COMMON         0x00001cc6       0x10 contiki-z1.a(i2cmaster.o)
                0x00001cc6                transmit_data1
                0x00001cc7                rx_byte_ctr
                0x00001cc8                tx_buf_ptr
                0x00001cca                tx_byte_ctr
                0x00001ccc                i
                0x00001cce                receive_data
                0x00001cd0                rx_buf
                0x00001cd2                transmit_data2
                0x00001cd4                rx_buf_ptr
 COMMON         0x00001cd6        0x8 contiki-z1.a(compower.o)
                0x00001cd6                compower_idle_activity
                0x00001cde                PROVIDE (__bss_end, .)
                0x00001cde                _end = .
                0x00000b46                PROVIDE (__bss_size, SIZEOF (.bss))

.noinit         0x00001cde        0x0 load address 0x0000888a
                0x00001cde                PROVIDE (__noinit_start, .)
 *(.noinit)
 *(.noinit.*)
 *(COMMON)
                0x00001cde                PROVIDE (__noinit_end, .)
                0x00001cde                _end = .

.infomem        0x00001000        0x0
 *(.infomem)
                0x00001000                . = ALIGN (0x2)
 *(.infomem.*)

.infomemnobits  0x00001000        0x0
                0x00001000                . = ALIGN (0x2)
 *(.infomemnobits)
                0x00001000                . = ALIGN (0x2)
 *(.infomemnobits.*)

.vectors        0x0000ffc0       0x40
                0x0000ffc0                PROVIDE (__vectors_start, .)
 *(.vectors*)
 .vectors       0x0000ffc0       0x40 /usr/lib/gcc/msp430/4.5.3/mcpu-430x/mmpy-16/crt0ivtbl32.o
                0x0000ffc0                __ivtbl_32
                0x00010000                _vectors_end = .

.fartext        0x00010000        0x0
                0x00010000                . = ALIGN (0x2)
 *(.fartext)
                0x00010000                . = ALIGN (0x2)
 *(.fartext.*)
                0x00010000                _efartext = .

.profiler
 *(.profiler)

.stab
 *(.stab)

.stabstr
 *(.stabstr)

.stab.excl
 *(.stab.excl)

.stab.exclstr
 *(.stab.exclstr)

.stab.index
 *(.stab.index)

.stab.indexstr
 *(.stab.indexstr)

.comment
 *(.comment)

.debug
 *(.debug)

.line
 *(.line)

.debug_srcinfo
 *(.debug_srcinfo)

.debug_sfnames
 *(.debug_sfnames)

.debug_aranges  0x00000000      0x140
 *(.debug_aranges)
 .debug_aranges
                0x00000000       0x14 /usr/lib/gcc/msp430/4.5.3/mcpu-430x/mmpy-16/libgcc.a(_mulsi3.o)
 .debug_aranges
                0x00000014       0x14 /usr/lib/gcc/msp430/4.5.3/mcpu-430x/mmpy-16/libgcc.a(_udivmodsi4.o)
 .debug_aranges
                0x00000028       0x14 /usr/lib/gcc/msp430/4.5.3/../../../../msp430/lib/mcpu-430x/mmpy-16/libc.a(strncmp.o)
 .debug_aranges
                0x0000003c       0x14 /usr/lib/gcc/msp430/4.5.3/../../../../msp430/lib/mcpu-430x/mmpy-16/libc.a(memcmp.o)
 .debug_aranges
                0x00000050       0x14 /usr/lib/gcc/msp430/4.5.3/../../../../msp430/lib/mcpu-430x/mmpy-16/libc.a(memcpy.o)
 .debug_aranges
                0x00000064       0x14 /usr/lib/gcc/msp430/4.5.3/../../../../msp430/lib/mcpu-430x/mmpy-16/libc.a(memset.o)
 .debug_aranges
                0x00000078       0x14 /usr/lib/gcc/msp430/4.5.3/../../../../msp430/lib/mcpu-430x/mmpy-16/libc.a(printf.o)
 .debug_aranges
                0x0000008c       0x14 /usr/lib/gcc/msp430/4.5.3/../../../../msp430/lib/mcpu-430x/mmpy-16/libc.a(vuprintf.o)
 .debug_aranges
                0x000000a0       0x14 /usr/lib/gcc/msp430/4.5.3/../../../../msp430/lib/mcpu-430x/mmpy-16/libc.a(puts.o)
 .debug_aranges
                0x000000b4       0x14 /usr/lib/gcc/msp430/4.5.3/../../../../msp430/lib/mcpu-430x/mmpy-16/libc.a(rand.o)
 .debug_aranges
                0x000000c8       0x14 /usr/lib/gcc/msp430/4.5.3/mcpu-430x/mmpy-16/libcrt0.a(__init_stack.o)
 .debug_aranges
                0x000000dc       0x14 /usr/lib/gcc/msp430/4.5.3/mcpu-430x/mmpy-16/libcrt0.a(__low_level_init.o)
 .debug_aranges
                0x000000f0       0x14 /usr/lib/gcc/msp430/4.5.3/mcpu-430x/mmpy-16/libcrt0.a(_copy_data.o)
 .debug_aranges
                0x00000104       0x14 /usr/lib/gcc/msp430/4.5.3/mcpu-430x/mmpy-16/libcrt0.a(_clear_bss.o)
 .debug_aranges
                0x00000118       0x14 /usr/lib/gcc/msp430/4.5.3/mcpu-430x/mmpy-16/libcrt0.a(_endless_loop__.o)
 .debug_aranges
                0x0000012c       0x14 /usr/lib/gcc/msp430/4.5.3/mcpu-430x/mmpy-16/libcrt0.a(_unexpected_.o)

.debug_pubnames
                0x00000000      0x108
 *(.debug_pubnames)
 .debug_pubnames
                0x00000000       0x1e /usr/lib/gcc/msp430/4.5.3/../../../../msp430/lib/mcpu-430x/mmpy-16/libc.a(strncmp.o)
 .debug_pubnames
                0x0000001e       0x1d /usr/lib/gcc/msp430/4.5.3/../../../../msp430/lib/mcpu-430x/mmpy-16/libc.a(memcmp.o)
 .debug_pubnames
                0x0000003b       0x1d /usr/lib/gcc/msp430/4.5.3/../../../../msp430/lib/mcpu-430x/mmpy-16/libc.a(memcpy.o)
 .debug_pubnames
                0x00000058       0x1d /usr/lib/gcc/msp430/4.5.3/../../../../msp430/lib/mcpu-430x/mmpy-16/libc.a(memset.o)
 .debug_pubnames
                0x00000075       0x29 /usr/lib/gcc/msp430/4.5.3/../../../../msp430/lib/mcpu-430x/mmpy-16/libc.a(printf.o)
 .debug_pubnames
                0x0000009e       0x1f /usr/lib/gcc/msp430/4.5.3/../../../../msp430/lib/mcpu-430x/mmpy-16/libc.a(vuprintf.o)
 .debug_pubnames
                0x000000bd       0x1b /usr/lib/gcc/msp430/4.5.3/../../../../msp430/lib/mcpu-430x/mmpy-16/libc.a(puts.o)
 .debug_pubnames
                0x000000d8       0x30 /usr/lib/gcc/msp430/4.5.3/../../../../msp430/lib/mcpu-430x/mmpy-16/libc.a(rand.o)

.debug_info     0x00000000     0x104d
 *(.debug_info)
 .debug_info    0x00000000       0xe1 /usr/lib/gcc/msp430/4.5.3/mcpu-430x/mmpy-16/libgcc.a(_mulsi3.o)
 .debug_info    0x000000e1       0xe1 /usr/lib/gcc/msp430/4.5.3/mcpu-430x/mmpy-16/libgcc.a(_udivmodsi4.o)
 .debug_info    0x000001c2       0xbd /usr/lib/gcc/msp430/4.5.3/../../../../msp430/lib/mcpu-430x/mmpy-16/libc.a(strncmp.o)
 .debug_info    0x0000027f       0xe2 /usr/lib/gcc/msp430/4.5.3/../../../../msp430/lib/mcpu-430x/mmpy-16/libc.a(memcmp.o)
 .debug_info    0x00000361      0x113 /usr/lib/gcc/msp430/4.5.3/../../../../msp430/lib/mcpu-430x/mmpy-16/libc.a(memcpy.o)
 .debug_info    0x00000474       0xfe /usr/lib/gcc/msp430/4.5.3/../../../../msp430/lib/mcpu-430x/mmpy-16/libc.a(memset.o)
 .debug_info    0x00000572      0x103 /usr/lib/gcc/msp430/4.5.3/../../../../msp430/lib/mcpu-430x/mmpy-16/libc.a(printf.o)
 .debug_info    0x00000675      0x3b5 /usr/lib/gcc/msp430/4.5.3/../../../../msp430/lib/mcpu-430x/mmpy-16/libc.a(vuprintf.o)
 .debug_info    0x00000a2a       0x96 /usr/lib/gcc/msp430/4.5.3/../../../../msp430/lib/mcpu-430x/mmpy-16/libc.a(puts.o)
 .debug_info    0x00000ac0      0x137 /usr/lib/gcc/msp430/4.5.3/../../../../msp430/lib/mcpu-430x/mmpy-16/libc.a(rand.o)
 .debug_info    0x00000bf7       0xb9 /usr/lib/gcc/msp430/4.5.3/mcpu-430x/mmpy-16/libcrt0.a(__init_stack.o)
 .debug_info    0x00000cb0       0xb9 /usr/lib/gcc/msp430/4.5.3/mcpu-430x/mmpy-16/libcrt0.a(__low_level_init.o)
 .debug_info    0x00000d69       0xb9 /usr/lib/gcc/msp430/4.5.3/mcpu-430x/mmpy-16/libcrt0.a(_copy_data.o)
 .debug_info    0x00000e22       0xb9 /usr/lib/gcc/msp430/4.5.3/mcpu-430x/mmpy-16/libcrt0.a(_clear_bss.o)
 .debug_info    0x00000edb       0xb9 /usr/lib/gcc/msp430/4.5.3/mcpu-430x/mmpy-16/libcrt0.a(_endless_loop__.o)
 .debug_info    0x00000f94       0xb9 /usr/lib/gcc/msp430/4.5.3/mcpu-430x/mmpy-16/libcrt0.a(_unexpected_.o)
 *(.gnu.linkonce.wi.*)

.debug_abbrev   0x00000000      0x690
 *(.debug_abbrev)
 .debug_abbrev  0x00000000       0x14 /usr/lib/gcc/msp430/4.5.3/mcpu-430x/mmpy-16/libgcc.a(_mulsi3.o)
 .debug_abbrev  0x00000014       0x14 /usr/lib/gcc/msp430/4.5.3/mcpu-430x/mmpy-16/libgcc.a(_udivmodsi4.o)
 .debug_abbrev  0x00000028       0x6d /usr/lib/gcc/msp430/4.5.3/../../../../msp430/lib/mcpu-430x/mmpy-16/libc.a(strncmp.o)
 .debug_abbrev  0x00000095       0x8a /usr/lib/gcc/msp430/4.5.3/../../../../msp430/lib/mcpu-430x/mmpy-16/libc.a(memcmp.o)
 .debug_abbrev  0x0000011f       0x97 /usr/lib/gcc/msp430/4.5.3/../../../../msp430/lib/mcpu-430x/mmpy-16/libc.a(memcpy.o)
 .debug_abbrev  0x000001b6       0x8d /usr/lib/gcc/msp430/4.5.3/../../../../msp430/lib/mcpu-430x/mmpy-16/libc.a(memset.o)
 .debug_abbrev  0x00000243       0xce /usr/lib/gcc/msp430/4.5.3/../../../../msp430/lib/mcpu-430x/mmpy-16/libc.a(printf.o)
 .debug_abbrev  0x00000311      0x1cb /usr/lib/gcc/msp430/4.5.3/../../../../msp430/lib/mcpu-430x/mmpy-16/libc.a(vuprintf.o)
 .debug_abbrev  0x000004dc       0x60 /usr/lib/gcc/msp430/4.5.3/../../../../msp430/lib/mcpu-430x/mmpy-16/libc.a(puts.o)
 .debug_abbrev  0x0000053c       0xdc /usr/lib/gcc/msp430/4.5.3/../../../../msp430/lib/mcpu-430x/mmpy-16/libc.a(rand.o)
 .debug_abbrev  0x00000618       0x14 /usr/lib/gcc/msp430/4.5.3/mcpu-430x/mmpy-16/libcrt0.a(__init_stack.o)
 .debug_abbrev  0x0000062c       0x14 /usr/lib/gcc/msp430/4.5.3/mcpu-430x/mmpy-16/libcrt0.a(__low_level_init.o)
 .debug_abbrev  0x00000640       0x14 /usr/lib/gcc/msp430/4.5.3/mcpu-430x/mmpy-16/libcrt0.a(_copy_data.o)
 .debug_abbrev  0x00000654       0x14 /usr/lib/gcc/msp430/4.5.3/mcpu-430x/mmpy-16/libcrt0.a(_clear_bss.o)
 .debug_abbrev  0x00000668       0x14 /usr/lib/gcc/msp430/4.5.3/mcpu-430x/mmpy-16/libcrt0.a(_endless_loop__.o)
 .debug_abbrev  0x0000067c       0x14 /usr/lib/gcc/msp430/4.5.3/mcpu-430x/mmpy-16/libcrt0.a(_unexpected_.o)

.debug_line     0x00000000      0x9a4
 *(.debug_line)
 .debug_line    0x00000000       0x9d /usr/lib/gcc/msp430/4.5.3/mcpu-430x/mmpy-16/libgcc.a(_mulsi3.o)
 .debug_line    0x0000009d       0xa1 /usr/lib/gcc/msp430/4.5.3/mcpu-430x/mmpy-16/libgcc.a(_udivmodsi4.o)
 .debug_line    0x0000013e       0x76 /usr/lib/gcc/msp430/4.5.3/../../../../msp430/lib/mcpu-430x/mmpy-16/libc.a(strncmp.o)
 .debug_line    0x000001b4       0x7c /usr/lib/gcc/msp430/4.5.3/../../../../msp430/lib/mcpu-430x/mmpy-16/libc.a(memcmp.o)
 .debug_line    0x00000230       0xf3 /usr/lib/gcc/msp430/4.5.3/../../../../msp430/lib/mcpu-430x/mmpy-16/libc.a(memcpy.o)
 .debug_line    0x00000323       0xbd /usr/lib/gcc/msp430/4.5.3/../../../../msp430/lib/mcpu-430x/mmpy-16/libc.a(memset.o)
 .debug_line    0x000003e0       0x72 /usr/lib/gcc/msp430/4.5.3/../../../../msp430/lib/mcpu-430x/mmpy-16/libc.a(printf.o)
 .debug_line    0x00000452      0x198 /usr/lib/gcc/msp430/4.5.3/../../../../msp430/lib/mcpu-430x/mmpy-16/libc.a(vuprintf.o)
 .debug_line    0x000005ea       0x4d /usr/lib/gcc/msp430/4.5.3/../../../../msp430/lib/mcpu-430x/mmpy-16/libc.a(puts.o)
 .debug_line    0x00000637       0x52 /usr/lib/gcc/msp430/4.5.3/../../../../msp430/lib/mcpu-430x/mmpy-16/libc.a(rand.o)
 .debug_line    0x00000689       0x82 /usr/lib/gcc/msp430/4.5.3/mcpu-430x/mmpy-16/libcrt0.a(__init_stack.o)
 .debug_line    0x0000070b       0x84 /usr/lib/gcc/msp430/4.5.3/mcpu-430x/mmpy-16/libcrt0.a(__low_level_init.o)
 .debug_line    0x0000078f       0x88 /usr/lib/gcc/msp430/4.5.3/mcpu-430x/mmpy-16/libcrt0.a(_copy_data.o)
 .debug_line    0x00000817       0x88 /usr/lib/gcc/msp430/4.5.3/mcpu-430x/mmpy-16/libcrt0.a(_clear_bss.o)
 .debug_line    0x0000089f       0x83 /usr/lib/gcc/msp430/4.5.3/mcpu-430x/mmpy-16/libcrt0.a(_endless_loop__.o)
 .debug_line    0x00000922       0x82 /usr/lib/gcc/msp430/4.5.3/mcpu-430x/mmpy-16/libcrt0.a(_unexpected_.o)

.debug_frame    0x00000000      0x1d0
 *(.debug_frame)
 .debug_frame   0x00000000       0x24 /usr/lib/gcc/msp430/4.5.3/../../../../msp430/lib/mcpu-430x/mmpy-16/libc.a(strncmp.o)
 .debug_frame   0x00000024       0x28 /usr/lib/gcc/msp430/4.5.3/../../../../msp430/lib/mcpu-430x/mmpy-16/libc.a(memcmp.o)
 .debug_frame   0x0000004c       0x32 /usr/lib/gcc/msp430/4.5.3/../../../../msp430/lib/mcpu-430x/mmpy-16/libc.a(memcpy.o)
 .debug_frame   0x0000007e       0x32 /usr/lib/gcc/msp430/4.5.3/../../../../msp430/lib/mcpu-430x/mmpy-16/libc.a(memset.o)
 .debug_frame   0x000000b0       0x2a /usr/lib/gcc/msp430/4.5.3/../../../../msp430/lib/mcpu-430x/mmpy-16/libc.a(printf.o)
 .debug_frame   0x000000da       0x82 /usr/lib/gcc/msp430/4.5.3/../../../../msp430/lib/mcpu-430x/mmpy-16/libc.a(vuprintf.o)
 .debug_frame   0x0000015c       0x24 /usr/lib/gcc/msp430/4.5.3/../../../../msp430/lib/mcpu-430x/mmpy-16/libc.a(puts.o)
 .debug_frame   0x00000180       0x50 /usr/lib/gcc/msp430/4.5.3/../../../../msp430/lib/mcpu-430x/mmpy-16/libc.a(rand.o)

.debug_str      0x00000000      0x2fc
 *(.debug_str)
 .debug_str     0x00000000       0x9b /usr/lib/gcc/msp430/4.5.3/../../../../msp430/lib/mcpu-430x/mmpy-16/libc.a(strncmp.o)
                                 0xd4 (size before relaxing)
 .debug_str     0x0000009b       0x19 /usr/lib/gcc/msp430/4.5.3/../../../../msp430/lib/mcpu-430x/mmpy-16/libc.a(memcmp.o)
                                 0xd2 (size before relaxing)
 .debug_str     0x000000b4       0x34 /usr/lib/gcc/msp430/4.5.3/../../../../msp430/lib/mcpu-430x/mmpy-16/libc.a(memcpy.o)
                                 0xed (size before relaxing)
 .debug_str     0x000000e8       0x26 /usr/lib/gcc/msp430/4.5.3/../../../../msp430/lib/mcpu-430x/mmpy-16/libc.a(memset.o)
                                 0xeb (size before relaxing)
 .debug_str     0x0000010e       0x40 /usr/lib/gcc/msp430/4.5.3/../../../../msp430/lib/mcpu-430x/mmpy-16/libc.a(printf.o)
                                0x101 (size before relaxing)
 .debug_str     0x0000014e      0x16a /usr/lib/gcc/msp430/4.5.3/../../../../msp430/lib/mcpu-430x/mmpy-16/libc.a(vuprintf.o)
                                0x25d (size before relaxing)
 .debug_str     0x000002b8       0x15 /usr/lib/gcc/msp430/4.5.3/../../../../msp430/lib/mcpu-430x/mmpy-16/libc.a(puts.o)
                                 0xc7 (size before relaxing)
 .debug_str     0x000002cd       0x2f /usr/lib/gcc/msp430/4.5.3/../../../../msp430/lib/mcpu-430x/mmpy-16/libc.a(rand.o)
                                 0xe6 (size before relaxing)

.debug_loc      0x00000000      0x8bc
 *(.debug_loc)
 .debug_loc     0x00000000       0x63 /usr/lib/gcc/msp430/4.5.3/../../../../msp430/lib/mcpu-430x/mmpy-16/libc.a(strncmp.o)
 .debug_loc     0x00000063       0x59 /usr/lib/gcc/msp430/4.5.3/../../../../msp430/lib/mcpu-430x/mmpy-16/libc.a(memcmp.o)
 .debug_loc     0x000000bc      0x1d6 /usr/lib/gcc/msp430/4.5.3/../../../../msp430/lib/mcpu-430x/mmpy-16/libc.a(memcpy.o)
 .debug_loc     0x00000292       0xeb /usr/lib/gcc/msp430/4.5.3/../../../../msp430/lib/mcpu-430x/mmpy-16/libc.a(memset.o)
 .debug_loc     0x0000037d       0x24 /usr/lib/gcc/msp430/4.5.3/../../../../msp430/lib/mcpu-430x/mmpy-16/libc.a(printf.o)
 .debug_loc     0x000003a1      0x49c /usr/lib/gcc/msp430/4.5.3/../../../../msp430/lib/mcpu-430x/mmpy-16/libc.a(vuprintf.o)
 .debug_loc     0x0000083d       0x2d /usr/lib/gcc/msp430/4.5.3/../../../../msp430/lib/mcpu-430x/mmpy-16/libc.a(puts.o)
 .debug_loc     0x0000086a       0x52 /usr/lib/gcc/msp430/4.5.3/../../../../msp430/lib/mcpu-430x/mmpy-16/libc.a(rand.o)

.debug_macinfo
 *(.debug_macinfo)

.debug_pubtypes
                0x00000000      0x13d
 *(.debug_pubtypes)
 .debug_pubtypes
                0x00000000       0x1d /usr/lib/gcc/msp430/4.5.3/../../../../msp430/lib/mcpu-430x/mmpy-16/libc.a(strncmp.o)
 .debug_pubtypes
                0x0000001d       0x1d /usr/lib/gcc/msp430/4.5.3/../../../../msp430/lib/mcpu-430x/mmpy-16/libc.a(memcmp.o)
 .debug_pubtypes
                0x0000003a       0x26 /usr/lib/gcc/msp430/4.5.3/../../../../msp430/lib/mcpu-430x/mmpy-16/libc.a(memcpy.o)
 .debug_pubtypes
                0x00000060       0x32 /usr/lib/gcc/msp430/4.5.3/../../../../msp430/lib/mcpu-430x/mmpy-16/libc.a(memset.o)
 .debug_pubtypes
                0x00000092       0x31 /usr/lib/gcc/msp430/4.5.3/../../../../msp430/lib/mcpu-430x/mmpy-16/libc.a(printf.o)
 .debug_pubtypes
                0x000000c3       0x56 /usr/lib/gcc/msp430/4.5.3/../../../../msp430/lib/mcpu-430x/mmpy-16/libc.a(vuprintf.o)
 .debug_pubtypes
                0x00000119       0x12 /usr/lib/gcc/msp430/4.5.3/../../../../msp430/lib/mcpu-430x/mmpy-16/libc.a(puts.o)
 .debug_pubtypes
                0x0000012b       0x12 /usr/lib/gcc/msp430/4.5.3/../../../../msp430/lib/mcpu-430x/mmpy-16/libc.a(rand.o)

.debug_ranges   0x00000000        0xc
 *(.debug_ranges)
 .debug_ranges  0x00000000        0xc /usr/lib/gcc/msp430/4.5.3/../../../../msp430/lib/mcpu-430x/mmpy-16/libc.a(vuprintf.o)
                0x00003100                PROVIDE (__stack, (ORIGIN (ram) + 0x2000))
                0x000087f2                PROVIDE (__data_start_rom, _etext)
                0x0000888a                PROVIDE (__data_end_rom, (_etext + SIZEOF (.data)))
OUTPUT(test-relay-phidget.z1 elf32-msp430)
